Running tool: /home/ricky/.gobrew/current/go/bin/go test -test.fullpath=true -timeout 15m -run ^TestRescheduleScenarioYAML$ github.com/rickchristie/gent/integrationtest/airline -v -count=1

=== RUN   TestRescheduleScenarioYAML
================================================================================
AIRLINE RESCHEDULE SCENARIO
================================================================================

--- Customer Request ---
Hi, I'm John Smith and my email is john.smith@email.com.
I have a flight booked for tomorrow (flight AA100 from JFK to LAX) but my meeting is running late.
Can you help me reschedule to a later flight on the same day? I'd prefer an evening flight if possible.

--- Agent Execution ---


>>> [BeforeExecution]: 2026-01-26 17:53:18.790
================================================================================
EXECUTION STARTED
================================================================================
Name: airline-reschedule

Task:
  Hi, I'm John Smith and my email is john.smith@email.com.
I have a flight booked for tomorrow (flight AA100 from JFK to LAX) but my meeting is running late.
Can you help me reschedule to a later flight on the same day? I'd prefer an evening flight if possible.

>>> [BeforeIteration 1]: 2026-01-26 17:53:18.790
--------------------------------------------------------------------------------
ITERATION 1 START
--------------------------------------------------------------------------------

>>> [BeforeModelCall: grok-4-1-fast]: 2026-01-26 17:53:18.790
Request:
  [0] Role: system
      Content:
        ## Task Description

        You are a helpful airline customer service agent for SkyWings Airlines.
        Your role is to assist customers with their flight bookings, including checking flight information,
        rescheduling flights, and answering policy questions.

        Today is 2026-01-26 (Monday).

        Always be polite and professional. When rescheduling, make sure to:
        1. Verify the customer's identity and booking
        2. Check the airline's change policy
        3. Search for available alternative flights
        4. Inform the customer of any fees before making changes
        5. Confirm the change and provide updated booking details


        <re_act>
        You are an AI assistant that solves problems using the ReAct (Reasoning and Acting) pattern.

        ## How ReAct Works

        You will solve problems through a cycle of:
        1. **Think**: Analyze the current situation, reason about what you know, and decide what to do next.
        2. **Act**: Take an action by calling one of the available tools.
        3. **Observe**: Review the results of your action.

        Repeat this cycle until you have enough information to provide a final answer.

        ## Important Guidelines

        - Always think before acting. Explain your reasoning clearly.
        - Use tools to gather information. Don't make up facts.
        - If a tool call fails, analyze the error and try a different approach.
        - When you have sufficient information to answer, provide your final response.
        - Be concise but thorough in your reasoning.
        </re_act>

        <critical_rules>
        DO NOT HALLUCINATE
        - Every claim in your answer MUST come from tool outputs or user-provided information
        - NEVER invent specific data (IDs, prices, times, availability)
        - If information is missing, say so explicitly
        </critical_rules>

        <available_tools>
        Available tools:

        - get_customer_info: Retrieve customer information by customer ID or email address
          Parameters:
            properties:
                customer_id:
                    description: The customer's unique ID (e.g., C001)
                    type: string
                email:
                    description: The customer's email address
                    type: string
            type: object

        - get_booking_info: Retrieve booking details by booking ID
          Parameters:
            properties:
                booking_id:
                    description: The booking reference ID (e.g., BK001)
                    type: string
            required:
                - booking_id
            type: object

        - get_flight_info: Retrieve flight information by flight number
          Parameters:
            properties:
                flight_number:
                    description: The flight number (e.g., AA100)
                    type: string
            required:
                - flight_number
            type: object

        - get_flight_seats_info: Retrieve seat availability and details for a specific flight
          Parameters:
            properties:
                available_only:
                    description: If true, only return available seats
                    type: boolean
                class:
                    description: 'Filter by class: economy, business, or first (optional)'
                    type: string
                flight_number:
                    description: The flight number (e.g., AA100)
                    type: string
            required:
                - flight_number
            type: object

        - search_airline_policy: Search airline policies by keyword (e.g., 'cancellation', 'baggage', 'change')
          Parameters:
            properties:
                keyword:
                    description: Keyword to search for in policy titles and content
                    type: string
            required:
                - keyword
            type: object

        - search_flight_schedule: Search for available flights between two airports on a specific date
          Parameters:
            properties:
                date:
                    description: Travel date in YYYY-MM-DD format
                    type: string
                destination:
                    description: Destination airport code (e.g., LAX)
                    type: string
                origin:
                    description: Origin airport code (e.g., JFK)
                    type: string
            required:
                - origin
                - destination
                - date
            type: object

        - reschedule_booking: Reschedule an existing booking to a different flight
          Parameters:
            properties:
                booking_id:
                    description: The booking ID to reschedule
                    type: string
                new_flight_number:
                    description: The new flight number to reschedule to
                    type: string
                new_seat_number:
                    description: The desired seat on the new flight (optional)
                    type: string
            required:
                - booking_id
                - new_flight_number
            type: object

        - cancel_booking: Cancel an existing booking and process refund
          Parameters:
            properties:
                booking_id:
                    description: The booking ID to cancel
                    type: string
                reason:
                    description: Reason for cancellation
                    type: string
            required:
                - booking_id
            type: object

        - send_notification: Send email or SMS notification to customer about booking changes
          Parameters:
            properties:
                customer_id:
                    description: Customer ID to notify
                    type: string
                message:
                    description: The notification message content
                    type: string
                method:
                    description: 'Notification method: email or sms'
                    enum:
                        - email
                        - sms
                    type: string
                subject:
                    description: Subject of the notification
                    type: string
            required:
                - customer_id
                - method
                - message
            type: object

        </available_tools>

        <output_format>
        Format your response using XML-style tags for each section:

        <thinking>
        Think step by step about how to help the customer.
        </thinking>
        <action>
        Call tools using YAML format:
        tool: tool_name
        args:
          param: value

        For multiple parallel calls, use a list:
        - tool: tool1
          args:
            param: value
        - tool: tool2
          args:
            param: value

        For strings with special characters (colons, quotes) or multiple lines, use double quotes:
        - tool: send_email
          args:
            subject: "Unsubscribe Confirmation: Newsletter"
            body: "You have been unsubscribed.\n\nYou will no longer receive emails."
        </action>
        <answer>
        Write your final answer here.
        </answer>

        </output_format>
  [1] Role: human
      Content:
        <task>
        Hi, I'm John Smith and my email is john.smith@email.com.
        I have a flight booked for tomorrow (flight AA100 from JFK to LAX) but my meeting is running late.
        Can you help me reschedule to a later flight on the same day? I'd prefer an evening flight if possible.
        </task>

        BEGIN!



>>> [AfterModelCall: grok-4-1-fast (duration: 15.784990854s)]: 2026-01-26 17:53:34.576
Choice[0]:
  Content:
    <thinking>
    Customer: John Smith, email john.smith@email.com. Booked flight AA100 JFK-LAX on 2026-01-27 (tomorrow). Wants later flight same day, evening preferred.

    Steps required:
    1. Verify identity/booking: Use get_customer_info by email to get customer ID and any booking details.
    2. Confirm original flight: get_flight_info for AA100 to know departure time/route/date.
    3. Check policy: search_airline_policy for 'change'.
    4. No booking ID yet, so can't get_booking_info until I have it from customer info.
    5. Once have original details, search for alternatives: search_flight_schedule JFK to LAX on 2026-01-27, later than AA100's time.
    6. Then inform fees, get confirmation before reschedule.

    First actions: Gather customer info, flight info, policy.
    Parallel calls for efficiency.
    </thinking>
    <action>
    - tool: get_customer_info
      args:
        email: "john.smith@email.com"
    - tool: get_flight_info
      args:
        flight_number: "AA100"
    - tool: search_airline_policy
      args:
        keyword: "change"
    </action>
  StopReason: stop
Tokens: input=1489, output=252, total=2243

>>> [BeforeToolCall: get_customer_info]: 2026-01-26 17:53:34.576
Args:
customerid: ""
email: john.smith@email.com

>>> [AfterToolCall: get_customer_info (duration: 12.05µs)]: 2026-01-26 17:53:34.576
Output:
id: C001
name: John Smith
email: john.smith@email.com
phone: +1-555-0123
frequentflyer: gold
bookingids:
    - BK001
    - BK002

>>> [BeforeToolCall: get_flight_info]: 2026-01-26 17:53:34.576
Args:
flightnumber: AA100

>>> [AfterToolCall: get_flight_info (duration: 4.97µs)]: 2026-01-26 17:53:34.576
Output:
flightnumber: AA100
origin: JFK
destination: LAX
departuretime: 2026-01-27T08:00:00Z
arrivaltime: 2026-01-27T11:30:00Z
aircraft: Boeing 777
status: scheduled
availableseats: 45
economyprice: 299
businessprice: 899
firstclassprice: 1599

>>> [BeforeToolCall: search_airline_policy]: 2026-01-26 17:53:34.576
Args:
keyword: change

>>> [AfterToolCall: search_airline_policy (duration: 9.489µs)]: 2026-01-26 17:53:34.576
Output:
- title: Flight Change and Rescheduling Policy
  content: |-
    Customers may change or reschedule their flights subject to the following:
    - Changes made 24+ hours before departure: $50 change fee for economy, free for business/first class
    - Changes made within 24 hours: $150 change fee for economy, $75 for business, free for first class
    - Gold and Platinum frequent flyers receive one free change per booking
    - Fare difference applies if new flight is more expensive
    - If new flight is cheaper, difference is provided as travel credit
- title: Frequent Flyer Benefits
  content: |-
    Tier benefits:
    - Bronze: Priority boarding, 10% bonus miles
    - Silver: Priority boarding, lounge access on international, 25% bonus miles
    - Gold: Free seat selection, 1 free change/cancellation, lounge access, 50% bonus miles
    - Platinum: All Gold benefits plus free upgrades when available, 100% bonus miles

>>> [AfterIteration 1]: 2026-01-26 17:53:34.576
--------------------------------------------------------------------------------
ITERATION 1 END
--------------------------------------------------------------------------------
Duration: 15.785774335s

AgentLoopResult:
action: c
next_prompt: |-
    <observation>
    <get_customer_info>
    id: C001
    name: John Smith
    email: john.smith@email.com
    phone: +1-555-0123
    frequentflyer: gold
    bookingids:
        - BK001
        - BK002
    </get_customer_info>
    <get_flight_info>
    flightnumber: AA100
    origin: JFK
    destination: LAX
    departuretime: 2026-01-27T08:00:00Z
    arrivaltime: 2026-01-27T11:30:00Z
    aircraft: Boeing 777
    status: scheduled
    availableseats: 45
    economyprice: 299
    businessprice: 899
    firstclassprice: 1599
    </get_flight_info>
    <search_airline_policy>
    - title: Flight Change and Rescheduling Policy
      content: |-
        Customers may change or reschedule their flights subject to the following:
        - Changes made 24+ hours before departure: $50 change fee for economy, free for business/first class
        - Changes made within 24 hours: $150 change fee for economy, $75 for business, free for first class
        - Gold and Platinum frequent flyers receive one free change per booking
        - Fare difference applies if new flight is more expensive
        - If new flight is cheaper, difference is provided as travel credit
    - title: Frequent Flyer Benefits
      content: |-
        Tier benefits:
        - Bronze: Priority boarding, 10% bonus miles
        - Silver: Priority boarding, lounge access on international, 25% bonus miles
        - Gold: Free seat selection, 1 free change/cancellation, lounge access, 50% bonus miles
        - Platinum: All Gold benefits plus free upgrades when available, 100% bonus miles
    </search_airline_policy>
    </observation>

>>> [BeforeIteration 2]: 2026-01-26 17:53:34.576
--------------------------------------------------------------------------------
ITERATION 2 START
--------------------------------------------------------------------------------

>>> [BeforeModelCall: grok-4-1-fast]: 2026-01-26 17:53:34.576
Request:
  [0] Role: system
      Content:
        ## Task Description

        You are a helpful airline customer service agent for SkyWings Airlines.
        Your role is to assist customers with their flight bookings, including checking flight information,
        rescheduling flights, and answering policy questions.

        Today is 2026-01-26 (Monday).

        Always be polite and professional. When rescheduling, make sure to:
        1. Verify the customer's identity and booking
        2. Check the airline's change policy
        3. Search for available alternative flights
        4. Inform the customer of any fees before making changes
        5. Confirm the change and provide updated booking details


        <re_act>
        You are an AI assistant that solves problems using the ReAct (Reasoning and Acting) pattern.

        ## How ReAct Works

        You will solve problems through a cycle of:
        1. **Think**: Analyze the current situation, reason about what you know, and decide what to do next.
        2. **Act**: Take an action by calling one of the available tools.
        3. **Observe**: Review the results of your action.

        Repeat this cycle until you have enough information to provide a final answer.

        ## Important Guidelines

        - Always think before acting. Explain your reasoning clearly.
        - Use tools to gather information. Don't make up facts.
        - If a tool call fails, analyze the error and try a different approach.
        - When you have sufficient information to answer, provide your final response.
        - Be concise but thorough in your reasoning.
        </re_act>

        <critical_rules>
        DO NOT HALLUCINATE
        - Every claim in your answer MUST come from tool outputs or user-provided information
        - NEVER invent specific data (IDs, prices, times, availability)
        - If information is missing, say so explicitly
        </critical_rules>

        <available_tools>
        Available tools:

        - get_customer_info: Retrieve customer information by customer ID or email address
          Parameters:
            properties:
                customer_id:
                    description: The customer's unique ID (e.g., C001)
                    type: string
                email:
                    description: The customer's email address
                    type: string
            type: object

        - get_booking_info: Retrieve booking details by booking ID
          Parameters:
            properties:
                booking_id:
                    description: The booking reference ID (e.g., BK001)
                    type: string
            required:
                - booking_id
            type: object

        - get_flight_info: Retrieve flight information by flight number
          Parameters:
            properties:
                flight_number:
                    description: The flight number (e.g., AA100)
                    type: string
            required:
                - flight_number
            type: object

        - get_flight_seats_info: Retrieve seat availability and details for a specific flight
          Parameters:
            properties:
                available_only:
                    description: If true, only return available seats
                    type: boolean
                class:
                    description: 'Filter by class: economy, business, or first (optional)'
                    type: string
                flight_number:
                    description: The flight number (e.g., AA100)
                    type: string
            required:
                - flight_number
            type: object

        - search_airline_policy: Search airline policies by keyword (e.g., 'cancellation', 'baggage', 'change')
          Parameters:
            properties:
                keyword:
                    description: Keyword to search for in policy titles and content
                    type: string
            required:
                - keyword
            type: object

        - search_flight_schedule: Search for available flights between two airports on a specific date
          Parameters:
            properties:
                date:
                    description: Travel date in YYYY-MM-DD format
                    type: string
                destination:
                    description: Destination airport code (e.g., LAX)
                    type: string
                origin:
                    description: Origin airport code (e.g., JFK)
                    type: string
            required:
                - origin
                - destination
                - date
            type: object

        - reschedule_booking: Reschedule an existing booking to a different flight
          Parameters:
            properties:
                booking_id:
                    description: The booking ID to reschedule
                    type: string
                new_flight_number:
                    description: The new flight number to reschedule to
                    type: string
                new_seat_number:
                    description: The desired seat on the new flight (optional)
                    type: string
            required:
                - booking_id
                - new_flight_number
            type: object

        - cancel_booking: Cancel an existing booking and process refund
          Parameters:
            properties:
                booking_id:
                    description: The booking ID to cancel
                    type: string
                reason:
                    description: Reason for cancellation
                    type: string
            required:
                - booking_id
            type: object

        - send_notification: Send email or SMS notification to customer about booking changes
          Parameters:
            properties:
                customer_id:
                    description: Customer ID to notify
                    type: string
                message:
                    description: The notification message content
                    type: string
                method:
                    description: 'Notification method: email or sms'
                    enum:
                        - email
                        - sms
                    type: string
                subject:
                    description: Subject of the notification
                    type: string
            required:
                - customer_id
                - method
                - message
            type: object

        </available_tools>

        <output_format>
        Format your response using XML-style tags for each section:

        <thinking>
        Think step by step about how to help the customer.
        </thinking>
        <action>
        Call tools using YAML format:
        tool: tool_name
        args:
          param: value

        For multiple parallel calls, use a list:
        - tool: tool1
          args:
            param: value
        - tool: tool2
          args:
            param: value

        For strings with special characters (colons, quotes) or multiple lines, use double quotes:
        - tool: send_email
          args:
            subject: "Unsubscribe Confirmation: Newsletter"
            body: "You have been unsubscribed.\n\nYou will no longer receive emails."
        </action>
        <answer>
        Write your final answer here.
        </answer>

        </output_format>
  [1] Role: human
      Content:
        <task>
        Hi, I'm John Smith and my email is john.smith@email.com.
        I have a flight booked for tomorrow (flight AA100 from JFK to LAX) but my meeting is running late.
        Can you help me reschedule to a later flight on the same day? I'd prefer an evening flight if possible.
        </task>

        <thinking>
        Customer: John Smith, email john.smith@email.com. Booked flight AA100 JFK-LAX on 2026-01-27 (tomorrow). Wants later flight same day, evening preferred.

        Steps required:
        1. Verify identity/booking: Use get_customer_info by email to get customer ID and any booking details.
        2. Confirm original flight: get_flight_info for AA100 to know departure time/route/date.
        3. Check policy: search_airline_policy for 'change'.
        4. No booking ID yet, so can't get_booking_info until I have it from customer info.
        5. Once have original details, search for alternatives: search_flight_schedule JFK to LAX on 2026-01-27, later than AA100's time.
        6. Then inform fees, get confirmation before reschedule.

        First actions: Gather customer info, flight info, policy.
        Parallel calls for efficiency.
        </thinking>
        <action>
        - tool: get_customer_info
          args:
            email: "john.smith@email.com"
        - tool: get_flight_info
          args:
            flight_number: "AA100"
        - tool: search_airline_policy
          args:
            keyword: "change"
        </action>
        <observation>
        <get_customer_info>
        id: C001
        name: John Smith
        email: john.smith@email.com
        phone: +1-555-0123
        frequentflyer: gold
        bookingids:
            - BK001
            - BK002
        </get_customer_info>
        <get_flight_info>
        flightnumber: AA100
        origin: JFK
        destination: LAX
        departuretime: 2026-01-27T08:00:00Z
        arrivaltime: 2026-01-27T11:30:00Z
        aircraft: Boeing 777
        status: scheduled
        availableseats: 45
        economyprice: 299
        businessprice: 899
        firstclassprice: 1599
        </get_flight_info>
        <search_airline_policy>
        - title: Flight Change and Rescheduling Policy
          content: |-
            Customers may change or reschedule their flights subject to the following:
            - Changes made 24+ hours before departure: $50 change fee for economy, free for business/first class
            - Changes made within 24 hours: $150 change fee for economy, $75 for business, free for first class
            - Gold and Platinum frequent flyers receive one free change per booking
            - Fare difference applies if new flight is more expensive
            - If new flight is cheaper, difference is provided as travel credit
        - title: Frequent Flyer Benefits
          content: |-
            Tier benefits:
            - Bronze: Priority boarding, 10% bonus miles
            - Silver: Priority boarding, lounge access on international, 25% bonus miles
            - Gold: Free seat selection, 1 free change/cancellation, lounge access, 50% bonus miles
            - Platinum: All Gold benefits plus free upgrades when available, 100% bonus miles
        </search_airline_policy>
        </observation>

        CONTINUE!



>>> [AfterModelCall: grok-4-1-fast (duration: 4.603144307s)]: 2026-01-26 17:53:39.179
Choice[0]:
  Content:
    <thinking>
    Customer C001 (John Smith, Gold FF) has bookings BK001 and BK002. Original flight AA100 departs 2026-01-27T08:00Z (tomorrow morning). Wants later same-day flight JFK-LAX, evening preferred.

    Gold FF: 1 free change per booking. Change >24hrs before dep: free anyway for Gold.

    Next:
    1. Identify correct booking: get_booking_info for BK001 and BK002 (parallel).
    2. Find alternatives: search_flight_schedule JFK-LAX on 2026-01-27 (filter later than 08:00 post-search).

    Once have booking ID and options, propose to customer (no fees), get preference/confirmation before reschedule_booking.
    </thinking>
    <action>
    - tool: get_booking_info
      args:
        booking_id: "BK001"
    - tool: get_booking_info
      args:
        booking_id: "BK002"
    - tool: search_flight_schedule
      args:
        origin: "JFK"
        destination: "LAX"
        date: "2026-01-27"
    </action>
  StopReason: stop
Tokens: input=2132, output=236, total=2768

>>> [BeforeToolCall: get_booking_info]: 2026-01-26 17:53:39.180
Args:
bookingid: BK001

>>> [AfterToolCall: get_booking_info (duration: 20.02µs)]: 2026-01-26 17:53:39.180
Output:
bookingid: BK001
customerid: C001
flightnumber: AA100
seatnumber: 12A
class: economy
status: confirmed
bookingdate: 2026-01-21T00:00:00Z
totalprice: 299
mealpreference: vegetarian

>>> [BeforeToolCall: get_booking_info]: 2026-01-26 17:53:39.180
Args:
bookingid: BK002

>>> [AfterToolCall: get_booking_info (duration: 3.22µs)]: 2026-01-26 17:53:39.180
Output:
bookingid: BK002
customerid: C001
flightnumber: AA200
seatnumber: 3C
class: business
status: confirmed
bookingdate: 2026-01-23T00:00:00Z
totalprice: 799
mealpreference: regular

>>> [BeforeToolCall: search_flight_schedule]: 2026-01-26 17:53:39.180
Args:
origin: JFK
destination: LAX
date: "2026-01-27"

>>> [AfterToolCall: search_flight_schedule (duration: 11.95µs)]: 2026-01-26 17:53:39.180
Output:
- flightnumber: AA100
  origin: JFK
  destination: LAX
  departuretime: 2026-01-27T08:00:00Z
  arrivaltime: 2026-01-27T11:30:00Z
  aircraft: Boeing 777
  status: scheduled
  availableseats: 45
  economyprice: 299
  businessprice: 899
  firstclassprice: 1599
- flightnumber: AA101
  origin: JFK
  destination: LAX
  departuretime: 2026-01-27T14:00:00Z
  arrivaltime: 2026-01-27T17:30:00Z
  aircraft: Airbus A320
  status: scheduled
  availableseats: 23
  economyprice: 329
  businessprice: 949
  firstclassprice: 1699
- flightnumber: AA102
  origin: JFK
  destination: LAX
  departuretime: 2026-01-27T20:00:00Z
  arrivaltime: 2026-01-27T23:30:00Z
  aircraft: Boeing 787
  status: scheduled
  availableseats: 67
  economyprice: 279
  businessprice: 849
  firstclassprice: 1499

>>> [AfterIteration 2]: 2026-01-26 17:53:39.180
--------------------------------------------------------------------------------
ITERATION 2 END
--------------------------------------------------------------------------------
Duration: 4.604187552s

AgentLoopResult:
action: c
next_prompt: |-
    <observation>
    <get_booking_info>
    bookingid: BK001
    customerid: C001
    flightnumber: AA100
    seatnumber: 12A
    class: economy
    status: confirmed
    bookingdate: 2026-01-21T00:00:00Z
    totalprice: 299
    mealpreference: vegetarian
    </get_booking_info>
    <get_booking_info>
    bookingid: BK002
    customerid: C001
    flightnumber: AA200
    seatnumber: 3C
    class: business
    status: confirmed
    bookingdate: 2026-01-23T00:00:00Z
    totalprice: 799
    mealpreference: regular
    </get_booking_info>
    <search_flight_schedule>
    - flightnumber: AA100
      origin: JFK
      destination: LAX
      departuretime: 2026-01-27T08:00:00Z
      arrivaltime: 2026-01-27T11:30:00Z
      aircraft: Boeing 777
      status: scheduled
      availableseats: 45
      economyprice: 299
      businessprice: 899
      firstclassprice: 1599
    - flightnumber: AA101
      origin: JFK
      destination: LAX
      departuretime: 2026-01-27T14:00:00Z
      arrivaltime: 2026-01-27T17:30:00Z
      aircraft: Airbus A320
      status: scheduled
      availableseats: 23
      economyprice: 329
      businessprice: 949
      firstclassprice: 1699
    - flightnumber: AA102
      origin: JFK
      destination: LAX
      departuretime: 2026-01-27T20:00:00Z
      arrivaltime: 2026-01-27T23:30:00Z
      aircraft: Boeing 787
      status: scheduled
      availableseats: 67
      economyprice: 279
      businessprice: 849
      firstclassprice: 1499
    </search_flight_schedule>
    </observation>

>>> [BeforeIteration 3]: 2026-01-26 17:53:39.180
--------------------------------------------------------------------------------
ITERATION 3 START
--------------------------------------------------------------------------------

>>> [BeforeModelCall: grok-4-1-fast]: 2026-01-26 17:53:39.181
Request:
  [0] Role: system
      Content:
        ## Task Description

        You are a helpful airline customer service agent for SkyWings Airlines.
        Your role is to assist customers with their flight bookings, including checking flight information,
        rescheduling flights, and answering policy questions.

        Today is 2026-01-26 (Monday).

        Always be polite and professional. When rescheduling, make sure to:
        1. Verify the customer's identity and booking
        2. Check the airline's change policy
        3. Search for available alternative flights
        4. Inform the customer of any fees before making changes
        5. Confirm the change and provide updated booking details


        <re_act>
        You are an AI assistant that solves problems using the ReAct (Reasoning and Acting) pattern.

        ## How ReAct Works

        You will solve problems through a cycle of:
        1. **Think**: Analyze the current situation, reason about what you know, and decide what to do next.
        2. **Act**: Take an action by calling one of the available tools.
        3. **Observe**: Review the results of your action.

        Repeat this cycle until you have enough information to provide a final answer.

        ## Important Guidelines

        - Always think before acting. Explain your reasoning clearly.
        - Use tools to gather information. Don't make up facts.
        - If a tool call fails, analyze the error and try a different approach.
        - When you have sufficient information to answer, provide your final response.
        - Be concise but thorough in your reasoning.
        </re_act>

        <critical_rules>
        DO NOT HALLUCINATE
        - Every claim in your answer MUST come from tool outputs or user-provided information
        - NEVER invent specific data (IDs, prices, times, availability)
        - If information is missing, say so explicitly
        </critical_rules>

        <available_tools>
        Available tools:

        - get_customer_info: Retrieve customer information by customer ID or email address
          Parameters:
            properties:
                customer_id:
                    description: The customer's unique ID (e.g., C001)
                    type: string
                email:
                    description: The customer's email address
                    type: string
            type: object

        - get_booking_info: Retrieve booking details by booking ID
          Parameters:
            properties:
                booking_id:
                    description: The booking reference ID (e.g., BK001)
                    type: string
            required:
                - booking_id
            type: object

        - get_flight_info: Retrieve flight information by flight number
          Parameters:
            properties:
                flight_number:
                    description: The flight number (e.g., AA100)
                    type: string
            required:
                - flight_number
            type: object

        - get_flight_seats_info: Retrieve seat availability and details for a specific flight
          Parameters:
            properties:
                available_only:
                    description: If true, only return available seats
                    type: boolean
                class:
                    description: 'Filter by class: economy, business, or first (optional)'
                    type: string
                flight_number:
                    description: The flight number (e.g., AA100)
                    type: string
            required:
                - flight_number
            type: object

        - search_airline_policy: Search airline policies by keyword (e.g., 'cancellation', 'baggage', 'change')
          Parameters:
            properties:
                keyword:
                    description: Keyword to search for in policy titles and content
                    type: string
            required:
                - keyword
            type: object

        - search_flight_schedule: Search for available flights between two airports on a specific date
          Parameters:
            properties:
                date:
                    description: Travel date in YYYY-MM-DD format
                    type: string
                destination:
                    description: Destination airport code (e.g., LAX)
                    type: string
                origin:
                    description: Origin airport code (e.g., JFK)
                    type: string
            required:
                - origin
                - destination
                - date
            type: object

        - reschedule_booking: Reschedule an existing booking to a different flight
          Parameters:
            properties:
                booking_id:
                    description: The booking ID to reschedule
                    type: string
                new_flight_number:
                    description: The new flight number to reschedule to
                    type: string
                new_seat_number:
                    description: The desired seat on the new flight (optional)
                    type: string
            required:
                - booking_id
                - new_flight_number
            type: object

        - cancel_booking: Cancel an existing booking and process refund
          Parameters:
            properties:
                booking_id:
                    description: The booking ID to cancel
                    type: string
                reason:
                    description: Reason for cancellation
                    type: string
            required:
                - booking_id
            type: object

        - send_notification: Send email or SMS notification to customer about booking changes
          Parameters:
            properties:
                customer_id:
                    description: Customer ID to notify
                    type: string
                message:
                    description: The notification message content
                    type: string
                method:
                    description: 'Notification method: email or sms'
                    enum:
                        - email
                        - sms
                    type: string
                subject:
                    description: Subject of the notification
                    type: string
            required:
                - customer_id
                - method
                - message
            type: object

        </available_tools>

        <output_format>
        Format your response using XML-style tags for each section:

        <thinking>
        Think step by step about how to help the customer.
        </thinking>
        <action>
        Call tools using YAML format:
        tool: tool_name
        args:
          param: value

        For multiple parallel calls, use a list:
        - tool: tool1
          args:
            param: value
        - tool: tool2
          args:
            param: value

        For strings with special characters (colons, quotes) or multiple lines, use double quotes:
        - tool: send_email
          args:
            subject: "Unsubscribe Confirmation: Newsletter"
            body: "You have been unsubscribed.\n\nYou will no longer receive emails."
        </action>
        <answer>
        Write your final answer here.
        </answer>

        </output_format>
  [1] Role: human
      Content:
        <task>
        Hi, I'm John Smith and my email is john.smith@email.com.
        I have a flight booked for tomorrow (flight AA100 from JFK to LAX) but my meeting is running late.
        Can you help me reschedule to a later flight on the same day? I'd prefer an evening flight if possible.
        </task>

        <thinking>
        Customer: John Smith, email john.smith@email.com. Booked flight AA100 JFK-LAX on 2026-01-27 (tomorrow). Wants later flight same day, evening preferred.

        Steps required:
        1. Verify identity/booking: Use get_customer_info by email to get customer ID and any booking details.
        2. Confirm original flight: get_flight_info for AA100 to know departure time/route/date.
        3. Check policy: search_airline_policy for 'change'.
        4. No booking ID yet, so can't get_booking_info until I have it from customer info.
        5. Once have original details, search for alternatives: search_flight_schedule JFK to LAX on 2026-01-27, later than AA100's time.
        6. Then inform fees, get confirmation before reschedule.

        First actions: Gather customer info, flight info, policy.
        Parallel calls for efficiency.
        </thinking>
        <action>
        - tool: get_customer_info
          args:
            email: "john.smith@email.com"
        - tool: get_flight_info
          args:
            flight_number: "AA100"
        - tool: search_airline_policy
          args:
            keyword: "change"
        </action>
        <observation>
        <get_customer_info>
        id: C001
        name: John Smith
        email: john.smith@email.com
        phone: +1-555-0123
        frequentflyer: gold
        bookingids:
            - BK001
            - BK002
        </get_customer_info>
        <get_flight_info>
        flightnumber: AA100
        origin: JFK
        destination: LAX
        departuretime: 2026-01-27T08:00:00Z
        arrivaltime: 2026-01-27T11:30:00Z
        aircraft: Boeing 777
        status: scheduled
        availableseats: 45
        economyprice: 299
        businessprice: 899
        firstclassprice: 1599
        </get_flight_info>
        <search_airline_policy>
        - title: Flight Change and Rescheduling Policy
          content: |-
            Customers may change or reschedule their flights subject to the following:
            - Changes made 24+ hours before departure: $50 change fee for economy, free for business/first class
            - Changes made within 24 hours: $150 change fee for economy, $75 for business, free for first class
            - Gold and Platinum frequent flyers receive one free change per booking
            - Fare difference applies if new flight is more expensive
            - If new flight is cheaper, difference is provided as travel credit
        - title: Frequent Flyer Benefits
          content: |-
            Tier benefits:
            - Bronze: Priority boarding, 10% bonus miles
            - Silver: Priority boarding, lounge access on international, 25% bonus miles
            - Gold: Free seat selection, 1 free change/cancellation, lounge access, 50% bonus miles
            - Platinum: All Gold benefits plus free upgrades when available, 100% bonus miles
        </search_airline_policy>
        </observation>
        <thinking>
        Customer C001 (John Smith, Gold FF) has bookings BK001 and BK002. Original flight AA100 departs 2026-01-27T08:00Z (tomorrow morning). Wants later same-day flight JFK-LAX, evening preferred.

        Gold FF: 1 free change per booking. Change >24hrs before dep: free anyway for Gold.

        Next:
        1. Identify correct booking: get_booking_info for BK001 and BK002 (parallel).
        2. Find alternatives: search_flight_schedule JFK-LAX on 2026-01-27 (filter later than 08:00 post-search).

        Once have booking ID and options, propose to customer (no fees), get preference/confirmation before reschedule_booking.
        </thinking>
        <action>
        - tool: get_booking_info
          args:
            booking_id: "BK001"
        - tool: get_booking_info
          args:
            booking_id: "BK002"
        - tool: search_flight_schedule
          args:
            origin: "JFK"
            destination: "LAX"
            date: "2026-01-27"
        </action>
        <observation>
        <get_booking_info>
        bookingid: BK001
        customerid: C001
        flightnumber: AA100
        seatnumber: 12A
        class: economy
        status: confirmed
        bookingdate: 2026-01-21T00:00:00Z
        totalprice: 299
        mealpreference: vegetarian
        </get_booking_info>
        <get_booking_info>
        bookingid: BK002
        customerid: C001
        flightnumber: AA200
        seatnumber: 3C
        class: business
        status: confirmed
        bookingdate: 2026-01-23T00:00:00Z
        totalprice: 799
        mealpreference: regular
        </get_booking_info>
        <search_flight_schedule>
        - flightnumber: AA100
          origin: JFK
          destination: LAX
          departuretime: 2026-01-27T08:00:00Z
          arrivaltime: 2026-01-27T11:30:00Z
          aircraft: Boeing 777
          status: scheduled
          availableseats: 45
          economyprice: 299
          businessprice: 899
          firstclassprice: 1599
        - flightnumber: AA101
          origin: JFK
          destination: LAX
          departuretime: 2026-01-27T14:00:00Z
          arrivaltime: 2026-01-27T17:30:00Z
          aircraft: Airbus A320
          status: scheduled
          availableseats: 23
          economyprice: 329
          businessprice: 949
          firstclassprice: 1699
        - flightnumber: AA102
          origin: JFK
          destination: LAX
          departuretime: 2026-01-27T20:00:00Z
          arrivaltime: 2026-01-27T23:30:00Z
          aircraft: Boeing 787
          status: scheduled
          availableseats: 67
          economyprice: 279
          businessprice: 849
          firstclassprice: 1499
        </search_flight_schedule>
        </observation>

        CONTINUE!



>>> [AfterModelCall: grok-4-1-fast (duration: 35.629572883s)]: 2026-01-26 17:54:14.811
Choice[0]:
  Content:
    <thinking>
    Customer's relevant booking is BK001: AA100 JFK-LAX 2026-01-27 08:00Z, economy seat 12A, $299.

    As Gold FF, eligible for 1 free change (no change fee). Today 2026-01-26, >24hrs before dep.

    Alternatives same day later:
    - AA101 14:00Z ($329 economy, +$30 fare diff)
    - AA102 20:00Z evening ($279 economy, -$20 travel credit)

    Enough info: identity/booking verified, policy checked (free change fee, fare diff applies), alternatives found.

    Now inform customer: no change fee, mention fare diffs, propose options (prefer evening AA102), ask for confirmation on flight/seat before rescheduling.

    No need for more tools yet (e.g., seats can check after preference). If confirmed, next would use reschedule_booking + send_notification.

    Final response: polite, professional, list steps implicitly.
    </thinking>
    <answer>
    Hello Mr. John Smith,

    Thank you for reaching out to SkyWings Airlines customer service. I have verified your identity and booking details using your email (john.smith@email.com). Your booking BK001 is for flight AA100 from JFK to LAX, departing 2026-01-27 at 08:00 UTC (economy class, seat 12A, total $299).

    As a Gold frequent flyer member, you qualify for one free change per booking with no change fee (since this request is more than 24 hours before departure). However, any fare difference will apply: if the new flight costs more, you'll pay the difference; if less, you'll receive travel credit.

    I searched our schedule for later flights from JFK to LAX on 2026-01-27 and found these options with availability:
    - AA101: Departs 14:00 UTC, arrives 17:30 UTC (economy price $329, +$30 fare difference)
    - AA102: Departs 20:00 UTC (evening), arrives 23:30 UTC (economy price $279, -$20 travel credit)

    AA102 matches your preference for an evening flight and is cheaper than your original.

    Please confirm which flight you'd like (AA101 or AA102), your preferred seat (e.g., similar to 12A in economy, or any specific request), and any meal preference updates. Once confirmed, I can process the reschedule immediately and send you updated details.

    Looking forward to your reply!

    Best regards,
    SkyWings Airlines Customer Service
    </answer>
  StopReason: stop
Tokens: input=2834, output=528, total=4344

>>> [AfterIteration 3]: 2026-01-26 17:54:14.811
--------------------------------------------------------------------------------
ITERATION 3 END
--------------------------------------------------------------------------------
Duration: 35.630485531s

AgentLoopResult:
action: t
result:
    - "Hello Mr. John Smith,\n\nThank you for reaching out to SkyWings Airlines customer service. I have verified your identity and booking details using your email (john.smith@email.com). Your booking BK001 is for flight AA100 from JFK to LAX, departing 2026-01-27 at 08:00 UTC (economy class, seat 12A, total $299).\n\nAs a Gold frequent flyer member, you qualify for one free change per booking with no change fee (since this request is more than 24 hours before departure). However, any fare difference will apply: if the new flight costs more, you'll pay the difference; if less, you'll receive travel credit.\n\nI searched our schedule for later flights from JFK to LAX on 2026-01-27 and found these options with availability:\n- AA101: Departs 14:00 UTC, arrives 17:30 UTC (economy price $329, +$30 fare difference)\n- AA102: Departs 20:00 UTC (evening), arrives 23:30 UTC (economy price $279, -$20 travel credit)\n\nAA102 matches your preference for an evening flight and is cheaper than your original.\n\nPlease con
firm which flight you'd like (AA101 or AA102), your preferred seat (e.g., similar to 12A in economy, or any specific request), and any meal preference updates. Once confirmed, I can process the reschedule immediately and send you updated details.\n\nLooking forward to your reply!\n\nBest regards,  \nSkyWings Airlines Customer Service"

>>> [AfterExecution]: 2026-01-26 17:54:14.811
================================================================================
EXECUTION COMPLETED
================================================================================
termination_reason: success

Stats:
counters:
    gent:format_parse_error_consecutive: 0
    gent:input_tokens: 6455
    gent:input_tokens:grok-4-1-fast: 6455
    gent:iterations: 3
    gent:output_tokens: 1016
    gent:output_tokens:grok-4-1-fast: 1016
    gent:tool_calls: 6
    gent:tool_calls:get_booking_info: 2
    gent:tool_calls:get_customer_info: 1
    gent:tool_calls:get_flight_info: 1
    gent:tool_calls:search_airline_policy: 1
    gent:tool_calls:search_flight_schedule: 1
    gent:toolchain_parse_error_consecutive: 0
gauges:
    gent:cost: 0
    gent:cost:grok-4-1-fast: 0
total_cost: 0
total_input_tokens: 6455
total_iterations: 3
total_output_tokens: 1016
total_tool_calls: 6

================================================================================
EXECUTION COMPLETE
================================================================================

--- Final Response to Customer ---
Hello Mr. John Smith,

Thank you for reaching out to SkyWings Airlines customer service. I have verified your identity and booking details using your email (john.smith@email.com). Your booking BK001 is for flight AA100 from JFK to LAX, departing 2026-01-27 at 08:00 UTC (economy class, seat 12A, total $299).

As a Gold frequent flyer member, you qualify for one free change per booking with no change fee (since this request is more than 24 hours before departure). However, any fare difference will apply: if the new flight costs more, you'll pay the difference; if less, you'll receive travel credit.

I searched our schedule for later flights from JFK to LAX on 2026-01-27 and found these options with availability:
- AA101: Departs 14:00 UTC, arrives 17:30 UTC (economy price $329, +$30 fare difference)
- AA102: Departs 20:00 UTC (evening), arrives 23:30 UTC (economy price $279, -$20 travel credit)

AA102 matches your preference for an evening flight and is cheaper than your original.

Please confirm which flight you'd like (AA101 or AA102), your preferred seat (e.g., similar to 12A in economy, or any specific request), and any meal preference updates. Once confirmed, I can process the reschedule immediately and send you updated details.

Looking forward to your reply!

Best regards,
SkyWings Airlines Customer Service

--- Execution Stats ---
Total iterations: 3
Total input tokens: 6455
Total output tokens: 1016
Total tool calls: 6
Duration: 56.020643954s

================================================================================
FULL ITERATION HISTORY
================================================================================

--- Iteration 1 ---
[ai]
<thinking>
Customer: John Smith, email john.smith@email.com. Booked flight AA100 JFK-LAX on 2026-01-27 (tomorrow). Wants later flight same day, evening preferred.

Steps required:
1. Verify identity/booking: Use get_customer_info by email to get customer ID and any booking details.
2. Confirm original flight: get_flight_info for AA100 to know departure time/route/date.
3. Check policy: search_airline_policy for 'change'.
4. No booking ID yet, so can't get_booking_info until I have it from customer info.
5. Once have original details, search for alternatives: search_flight_schedule JFK to LAX on 2026-01-27, later than AA100's time.
6. Then inform fees, get confirmation before reschedule.

First actions: Gather customer info, flight info, policy.
Parallel calls for efficiency.
</thinking>
<action>
- tool: get_customer_info
  args:
    email: "john.smith@email.com"
- tool: get_flight_info
  args:
    flight_number: "AA100"
- tool: search_airline_policy
  args:
    keyword: "change"
</action>

[human]
<observation>
<get_customer_info>
id: C001
name: John Smith
email: john.smith@email.com
phone: +1-555-0123
frequentflyer: gold
bookingids:
    - BK001
    - BK002
</get_customer_info>
<get_flight_info>
flightnumber: AA100
origin: JFK
destination: LAX
departuretime: 2026-01-27T08:00:00Z
arrivaltime: 2026-01-27T11:30:00Z
aircraft: Boeing 777
status: scheduled
availableseats: 45
economyprice: 299
businessprice: 899
firstclassprice: 1599
</get_flight_info>
<search_airline_policy>
- title: Flight Change and Rescheduling Policy
  content: |-
    Customers may change or reschedule their flights subject to the following:
    - Changes made 24+ hours before departure: $50 change fee for economy, free for business/first class
    - Changes made within 24 hours: $150 change fee for economy, $75 for business, free for first class
    - Gold and Platinum frequent flyers receive one free change per booking
    - Fare difference applies if new flight is more expensive
    - If new flight is cheaper, difference is provided as travel credit
- title: Frequent Flyer Benefits
  content: |-
    Tier benefits:
    - Bronze: Priority boarding, 10% bonus miles
    - Silver: Priority boarding, lounge access on international, 25% bonus miles
    - Gold: Free seat selection, 1 free change/cancellation, lounge access, 50% bonus miles
    - Platinum: All Gold benefits plus free upgrades when available, 100% bonus miles
</search_airline_policy>
</observation>


--- Iteration 2 ---
[ai]
<thinking>
Customer C001 (John Smith, Gold FF) has bookings BK001 and BK002. Original flight AA100 departs 2026-01-27T08:00Z (tomorrow morning). Wants later same-day flight JFK-LAX, evening preferred.

Gold FF: 1 free change per booking. Change >24hrs before dep: free anyway for Gold.

Next:
1. Identify correct booking: get_booking_info for BK001 and BK002 (parallel).
2. Find alternatives: search_flight_schedule JFK-LAX on 2026-01-27 (filter later than 08:00 post-search).

Once have booking ID and options, propose to customer (no fees), get preference/confirmation before reschedule_booking.
</thinking>
<action>
- tool: get_booking_info
  args:
    booking_id: "BK001"
- tool: get_booking_info
  args:
    booking_id: "BK002"
- tool: search_flight_schedule
  args:
    origin: "JFK"
    destination: "LAX"
    date: "2026-01-27"
</action>

[human]
<observation>
<get_booking_info>
bookingid: BK001
customerid: C001
flightnumber: AA100
seatnumber: 12A
class: economy
status: confirmed
bookingdate: 2026-01-21T00:00:00Z
totalprice: 299
mealpreference: vegetarian
</get_booking_info>
<get_booking_info>
bookingid: BK002
customerid: C001
flightnumber: AA200
seatnumber: 3C
class: business
status: confirmed
bookingdate: 2026-01-23T00:00:00Z
totalprice: 799
mealpreference: regular
</get_booking_info>
<search_flight_schedule>
- flightnumber: AA100
  origin: JFK
  destination: LAX
  departuretime: 2026-01-27T08:00:00Z
  arrivaltime: 2026-01-27T11:30:00Z
  aircraft: Boeing 777
  status: scheduled
  availableseats: 45
  economyprice: 299
  businessprice: 899
  firstclassprice: 1599
- flightnumber: AA101
  origin: JFK
  destination: LAX
  departuretime: 2026-01-27T14:00:00Z
  arrivaltime: 2026-01-27T17:30:00Z
  aircraft: Airbus A320
  status: scheduled
  availableseats: 23
  economyprice: 329
  businessprice: 949
  firstclassprice: 1699
- flightnumber: AA102
  origin: JFK
  destination: LAX
  departuretime: 2026-01-27T20:00:00Z
  arrivaltime: 2026-01-27T23:30:00Z
  aircraft: Boeing 787
  status: scheduled
  availableseats: 67
  economyprice: 279
  businessprice: 849
  firstclassprice: 1499
</search_flight_schedule>
</observation>


--- Iteration 3 ---
[ai]
<thinking>
Customer's relevant booking is BK001: AA100 JFK-LAX 2026-01-27 08:00Z, economy seat 12A, $299.

As Gold FF, eligible for 1 free change (no change fee). Today 2026-01-26, >24hrs before dep.

Alternatives same day later:
- AA101 14:00Z ($329 economy, +$30 fare diff)
- AA102 20:00Z evening ($279 economy, -$20 travel credit)

Enough info: identity/booking verified, policy checked (free change fee, fare diff applies), alternatives found.

Now inform customer: no change fee, mention fare diffs, propose options (prefer evening AA102), ask for confirmation on flight/seat before rescheduling.

No need for more tools yet (e.g., seats can check after preference). If confirmed, next would use reschedule_booking + send_notification.

Final response: polite, professional, list steps implicitly.
</thinking>
<answer>
Hello Mr. John Smith,

Thank you for reaching out to SkyWings Airlines customer service. I have verified your identity and booking details using your email (john.smith@email.com). Your booking BK001 is for flight AA100 from JFK to LAX, departing 2026-01-27 at 08:00 UTC (economy class, seat 12A, total $299).

As a Gold frequent flyer member, you qualify for one free change per booking with no change fee (since this request is more than 24 hours before departure). However, any fare difference will apply: if the new flight costs more, you'll pay the difference; if less, you'll receive travel credit.

I searched our schedule for later flights from JFK to LAX on 2026-01-27 and found these options with availability:
- AA101: Departs 14:00 UTC, arrives 17:30 UTC (economy price $329, +$30 fare difference)
- AA102: Departs 20:00 UTC (evening), arrives 23:30 UTC (economy price $279, -$20 travel credit)

AA102 matches your preference for an evening flight and is cheaper than your original.

Please confirm which flight you'd like (AA101 or AA102), your preferred seat (e.g., similar to 12A in economy, or any specific request), and any meal preference updates. Once confirmed, I can process the reschedule immediately and send you updated details.

Looking forward to your reply!

Best regards,
SkyWings Airlines Customer Service
</answer>


================================================================================
ALL TRACE EVENTS
================================================================================

[1] IterationStart: iteration=1

[2] ModelCall: model=grok-4-1-fast, input=1489, output=252, duration=15.784990854s

[3] ToolCall: tool=get_customer_info, duration=12.05µs
          input={ john.smith@email.com}
          output={"id":"C001","name":"John Smith","email":"john.smith@email.com","phone":"+1-555-0123","frequent_flyer_tier":"gold","booking_ids":["BK001","BK002"]}

[4] ToolCall: tool=get_flight_info, duration=4.97µs
          input={AA100}
          output={"flight_number":"AA100","origin":"JFK","destination":"LAX","departure_time":"2026-01-27T08:00:00Z","arrival_time":"2026-01-27T11:30:00Z","aircraft":"Boeing 777","status":"scheduled","available_seats"...

[5] ToolCall: tool=search_airline_policy, duration=9.489µs
          input={change}
          output=[{"title":"Flight Change and Rescheduling Policy","content":"Customers may change or reschedule their flights subject to the following:\n- Changes made 24+ hours before departure: $50 change fee for e...

[6] IterationEnd: iteration=1, action=c, duration=15.785774335s

[7] IterationStart: iteration=2

[8] ModelCall: model=grok-4-1-fast, input=2132, output=236, duration=4.603144307s

[9] ToolCall: tool=get_booking_info, duration=20.02µs
          input={BK001}
          output={"booking_id":"BK001","customer_id":"C001","flight_number":"AA100","seat_number":"12A","class":"economy","status":"confirmed","booking_date":"2026-01-21T00:00:00Z","total_price":299,"meal_preference":...

[10] ToolCall: tool=get_booking_info, duration=3.22µs
          input={BK002}
          output={"booking_id":"BK002","customer_id":"C001","flight_number":"AA200","seat_number":"3C","class":"business","status":"confirmed","booking_date":"2026-01-23T00:00:00Z","total_price":799,"meal_preference":...

[11] ToolCall: tool=search_flight_schedule, duration=11.95µs
          input={JFK LAX 2026-01-27}
          output=[{"flight_number":"AA100","origin":"JFK","destination":"LAX","departure_time":"2026-01-27T08:00:00Z","arrival_time":"2026-01-27T11:30:00Z","aircraft":"Boeing 777","status":"scheduled","available_seats...

[12] IterationEnd: iteration=2, action=c, duration=4.604187552s

[13] IterationStart: iteration=3

[14] ModelCall: model=grok-4-1-fast, input=2834, output=528, duration=35.629572883s

[15] IterationEnd: iteration=3, action=t, duration=35.630485531s

================================================================================
TEST COMPLETE
================================================================================
--- PASS: TestRescheduleScenarioYAML (56.02s)
PASS
ok  	github.com/rickchristie/gent/integrationtest/airline	56.033s
