Running tool: /home/ricky/.gobrew/current/go/bin/go test -test.fullpath=true -timeout 15m -run ^TestRescheduleScenario$ github.com/rickchristie/gent/integrationtest/airline -v

=== RUN   TestRescheduleScenario
================================================================================
AIRLINE RESCHEDULE SCENARIO - INTEGRATION TEST
================================================================================


>>> [BeforeExecution]: 2026-01-18 22:54:36.409
================================================================================
EXECUTION STARTED
================================================================================
Name: main

Original Input:
  Hi, I'm John Smith and my email is john.smith@email.com.
I have a flight booked for tomorrow (flight AA100 from JFK to LAX) but my meeting is running late.
Can you help me reschedule to a later flight on the same day? I'd prefer an evening flight if possible.

>>> [BeforeIteration 1]: 2026-01-18 22:54:36.409
--------------------------------------------------------------------------------
ITERATION 1 START
--------------------------------------------------------------------------------

>>> [BeforeModelCall: grok-4-1-fast]: 2026-01-18 22:54:36.409
Request:
  [0] Role: system
      Content:
        You are an AI assistant that solves problems using the ReAct (Reasoning and Acting) pattern.

        ## How ReAct Works

        You will solve problems through a cycle of:
        1. **Think**: Analyze the current situation, reason about what you know, and decide what to do next.
        2. **Act**: Take an action by calling one of the available tools.
        3. **Observe**: Review the results of your action.

        Repeat this cycle until you have enough information to provide a final answer.

        ## Important Guidelines

        - Always think before acting. Explain your reasoning clearly.
        - Use tools to gather information. Don't make up facts.
        - If a tool call fails, analyze the error and try a different approach.
        - When you have sufficient information to answer, provide your final response.
        - Be concise but thorough in your reasoning.


        ## Additional Context

        You are a helpful airline customer service agent for SkyWings Airlines.
        Your role is to assist customers with their flight bookings, including checking flight information,
        rescheduling flights, and answering policy questions.

        Always be polite and professional. When rescheduling, make sure to:
        1. Verify the customer's identity and booking
        2. Check the airline's change policy
        3. Search for available alternative flights
        4. Inform the customer of any fees before making changes
        5. Confirm the change and provide updated booking details


        ## Output Format

        Format your response using XML-style tags for each section:

        <thinking>
        Think step by step about how to help the customer.
        </thinking>

        <action>
        Call tools using YAML format:
        tool: tool_name
        args:
          param: value

        For multiple parallel calls, use a list:
        - tool: tool1
          args:
            param: value
        - tool: tool2
          args:
            param: value

        Available tools:

        - get_customer_info: Retrieve customer information by customer ID or email address
          Parameters:
            properties:
                customer_id:
                    description: The customer's unique ID (e.g., C001)
                    type: string
                email:
                    description: The customer's email address
                    type: string
            type: object

        - get_booking_info: Retrieve booking details by booking ID
          Parameters:
            properties:
                booking_id:
                    description: The booking reference ID (e.g., BK001)
                    type: string
            required:
                - booking_id
            type: object

        - get_flight_info: Retrieve flight information by flight number
          Parameters:
            properties:
                flight_number:
                    description: The flight number (e.g., AA100)
                    type: string
            required:
                - flight_number
            type: object

        - get_flight_seats_info: Retrieve seat availability and details for a specific flight
          Parameters:
            properties:
                available_only:
                    description: If true, only return available seats
                    type: boolean
                class:
                    description: 'Filter by class: economy, business, or first (optional)'
                    type: string
                flight_number:
                    description: The flight number (e.g., AA100)
                    type: string
            required:
                - flight_number
            type: object

        - search_airline_policy: Search airline policies by keyword (e.g., 'cancellation', 'baggage', 'change')
          Parameters:
            properties:
                keyword:
                    description: Keyword to search for in policy titles and content
                    type: string
            required:
                - keyword
            type: object

        - search_flight_schedule: Search for available flights between two airports on a specific date
          Parameters:
            properties:
                date:
                    description: Travel date in YYYY-MM-DD format
                    type: string
                destination:
                    description: Destination airport code (e.g., LAX)
                    type: string
                origin:
                    description: Origin airport code (e.g., JFK)
                    type: string
            required:
                - origin
                - destination
                - date
            type: object

        - reschedule_booking: Reschedule an existing booking to a different flight
          Parameters:
            properties:
                booking_id:
                    description: The booking ID to reschedule
                    type: string
                new_flight_number:
                    description: The new flight number to reschedule to
                    type: string
                new_seat_number:
                    description: The desired seat on the new flight (optional)
                    type: string
            required:
                - booking_id
                - new_flight_number
            type: object

        - cancel_booking: Cancel an existing booking and process refund
          Parameters:
            properties:
                booking_id:
                    description: The booking ID to cancel
                    type: string
                reason:
                    description: Reason for cancellation
                    type: string
            required:
                - booking_id
            type: object

        - send_notification: Send email or SMS notification to customer about booking changes
          Parameters:
            properties:
                customer_id:
                    description: Customer ID to notify
                    type: string
                message:
                    description: The notification message content
                    type: string
                method:
                    description: 'Notification method: email or sms'
                    enum:
                        - email
                        - sms
                    type: string
                subject:
                    description: Subject of the notification
                    type: string
            required:
                - customer_id
                - method
                - message
            type: object

        </action>

        <answer>
        Write your final answer here.
        </answer>



  [1] Role: human
      Content:
        Hi, I'm John Smith and my email is john.smith@email.com.
        I have a flight booked for tomorrow (flight AA100 from JFK to LAX) but my meeting is running late.
        Can you help me reschedule to a later flight on the same day? I'd prefer an evening flight if possible.

>>> [AfterModelCall: grok-4-1-fast (duration: 16.293750253s)]: 2026-01-18 22:54:52.703
Choice[0]:
  Content:
    <thinking>
    The customer, John Smith (email: john.smith@email.com), wants to reschedule their flight AA100 from JFK to LAX tomorrow to a later evening flight on the same day. Following the rescheduling guidelines:

    1. Verify customer identity and booking: Use get_customer_info with email to retrieve customer details, which may include associated bookings or customer ID.
    2. Confirm original flight details: Use get_flight_info for AA100 to get schedule, departure time, etc.
    3. Check change policy: Use search_airline_policy with keyword "change" to review fees and conditions.
    4. Once verified, search for alternative later flights from JFK to LAX on the same date (tomorrow), preferring evening.

    No booking ID provided yet, so start with verification. Date is "tomorrow" – will determine exact date from booking or flight info. Perform parallel tool calls for efficiency.
    </thinking>

    <action>
    - tool: get_customer_info
      args:
        email: john.smith@email.com
    - tool: get_flight_info
      args:
        flight_number: AA100
    - tool: search_airline_policy
      args:
        keyword: change
    </action>
  StopReason: stop
Tokens: input=1338, output=244, total=2384

>>> [BeforeToolCall: get_customer_info]: 2026-01-18 22:54:52.703
Args:
email: john.smith@email.com

>>> [AfterToolCall: get_customer_info (duration: 33.369µs)]: 2026-01-18 22:54:52.703
Output:
id: C001
name: John Smith
email: john.smith@email.com
phone: +1-555-0123
frequentflyer: gold
bookingids:
    - BK001
    - BK002

>>> [BeforeToolCall: get_flight_info]: 2026-01-18 22:54:52.703
Args:
flight_number: AA100

>>> [AfterToolCall: get_flight_info (duration: 32.569µs)]: 2026-01-18 22:54:52.703
Output:
flightnumber: AA100
origin: JFK
destination: LAX
departuretime: 2025-02-15T08:00:00Z
arrivaltime: 2025-02-15T11:30:00Z
aircraft: Boeing 777
status: scheduled
availableseats: 45
economyprice: 299
businessprice: 899
firstclassprice: 1599

>>> [BeforeToolCall: search_airline_policy]: 2026-01-18 22:54:52.703
Args:
keyword: change

>>> [AfterToolCall: search_airline_policy (duration: 23.099µs)]: 2026-01-18 22:54:52.703
Output:
- title: Flight Change and Rescheduling Policy
  content: |-
    Customers may change or reschedule their flights subject to the following:
    - Changes made 24+ hours before departure: $50 change fee for economy, free for business/first class
    - Changes made within 24 hours: $150 change fee for economy, $75 for business, free for first class
    - Gold and Platinum frequent flyers receive one free change per booking
    - Fare difference applies if new flight is more expensive
    - If new flight is cheaper, difference is provided as travel credit
- title: Frequent Flyer Benefits
  content: |-
    Tier benefits:
    - Bronze: Priority boarding, 10% bonus miles
    - Silver: Priority boarding, lounge access on international, 25% bonus miles
    - Gold: Free seat selection, 1 free change/cancellation, lounge access, 50% bonus miles
    - Platinum: All Gold benefits plus free upgrades when available, 100% bonus miles

>>> [AfterIteration 1]: 2026-01-18 22:54:52.703
--------------------------------------------------------------------------------
ITERATION 1 END
--------------------------------------------------------------------------------
Duration: 16.294465925s

AgentLoopResult:
action: c
next_prompt: |-
    Observation:
    [get_customer_info] {"id":"C001","name":"John Smith","email":"john.smith@email.com","phone":"+1-555-0123","frequent_flyer_tier":"gold","booking_ids":["BK001","BK002"]}

    Observation:
    [get_flight_info] {"flight_number":"AA100","origin":"JFK","destination":"LAX","departure_time":"2025-02-15T08:00:00Z","arrival_time":"2025-02-15T11:30:00Z","aircraft":"Boeing 777","status":"scheduled","available_seats":45,"economy_price":299,"business_price":899,"first_class_price":1599}

    Observation:
    [search_airline_policy] [{"title":"Flight Change and Rescheduling Policy","content":"Customers may change or reschedule their flights subject to the following:\n- Changes made 24+ hours before departure: $50 change fee for economy, free for business/first class\n- Changes made within 24 hours: $150 change fee for economy, $75 for business, free for first class\n- Gold and Platinum frequent flyers receive one free change per booking\n- Fare difference applies if new flight is more expensive\n- If new flight is cheaper, difference is provided as travel credit"},{"title":"Frequent Flyer Benefits","content":"Tier benefits:\n- Bronze: Priority boarding, 10% bonus miles\n- Silver: Priority boarding, lounge access on international, 25% bonus miles\n- Gold: Free seat selection, 1 free change/cancellation, lounge access, 50% bonus miles\n- Platinum: All Gold benefits plus free upgrades when available, 100% bonus miles"}]

>>> [BeforeIteration 2]: 2026-01-18 22:54:52.703
--------------------------------------------------------------------------------
ITERATION 2 START
--------------------------------------------------------------------------------

>>> [BeforeModelCall: grok-4-1-fast]: 2026-01-18 22:54:52.704
Request:
  [0] Role: system
      Content:
        You are an AI assistant that solves problems using the ReAct (Reasoning and Acting) pattern.

        ## How ReAct Works

        You will solve problems through a cycle of:
        1. **Think**: Analyze the current situation, reason about what you know, and decide what to do next.
        2. **Act**: Take an action by calling one of the available tools.
        3. **Observe**: Review the results of your action.

        Repeat this cycle until you have enough information to provide a final answer.

        ## Important Guidelines

        - Always think before acting. Explain your reasoning clearly.
        - Use tools to gather information. Don't make up facts.
        - If a tool call fails, analyze the error and try a different approach.
        - When you have sufficient information to answer, provide your final response.
        - Be concise but thorough in your reasoning.


        ## Additional Context

        You are a helpful airline customer service agent for SkyWings Airlines.
        Your role is to assist customers with their flight bookings, including checking flight information,
        rescheduling flights, and answering policy questions.

        Always be polite and professional. When rescheduling, make sure to:
        1. Verify the customer's identity and booking
        2. Check the airline's change policy
        3. Search for available alternative flights
        4. Inform the customer of any fees before making changes
        5. Confirm the change and provide updated booking details


        ## Output Format

        Format your response using XML-style tags for each section:

        <thinking>
        Think step by step about how to help the customer.
        </thinking>

        <action>
        Call tools using YAML format:
        tool: tool_name
        args:
          param: value

        For multiple parallel calls, use a list:
        - tool: tool1
          args:
            param: value
        - tool: tool2
          args:
            param: value

        Available tools:

        - get_customer_info: Retrieve customer information by customer ID or email address
          Parameters:
            properties:
                customer_id:
                    description: The customer's unique ID (e.g., C001)
                    type: string
                email:
                    description: The customer's email address
                    type: string
            type: object

        - get_booking_info: Retrieve booking details by booking ID
          Parameters:
            properties:
                booking_id:
                    description: The booking reference ID (e.g., BK001)
                    type: string
            required:
                - booking_id
            type: object

        - get_flight_info: Retrieve flight information by flight number
          Parameters:
            properties:
                flight_number:
                    description: The flight number (e.g., AA100)
                    type: string
            required:
                - flight_number
            type: object

        - get_flight_seats_info: Retrieve seat availability and details for a specific flight
          Parameters:
            properties:
                available_only:
                    description: If true, only return available seats
                    type: boolean
                class:
                    description: 'Filter by class: economy, business, or first (optional)'
                    type: string
                flight_number:
                    description: The flight number (e.g., AA100)
                    type: string
            required:
                - flight_number
            type: object

        - search_airline_policy: Search airline policies by keyword (e.g., 'cancellation', 'baggage', 'change')
          Parameters:
            properties:
                keyword:
                    description: Keyword to search for in policy titles and content
                    type: string
            required:
                - keyword
            type: object

        - search_flight_schedule: Search for available flights between two airports on a specific date
          Parameters:
            properties:
                date:
                    description: Travel date in YYYY-MM-DD format
                    type: string
                destination:
                    description: Destination airport code (e.g., LAX)
                    type: string
                origin:
                    description: Origin airport code (e.g., JFK)
                    type: string
            required:
                - origin
                - destination
                - date
            type: object

        - reschedule_booking: Reschedule an existing booking to a different flight
          Parameters:
            properties:
                booking_id:
                    description: The booking ID to reschedule
                    type: string
                new_flight_number:
                    description: The new flight number to reschedule to
                    type: string
                new_seat_number:
                    description: The desired seat on the new flight (optional)
                    type: string
            required:
                - booking_id
                - new_flight_number
            type: object

        - cancel_booking: Cancel an existing booking and process refund
          Parameters:
            properties:
                booking_id:
                    description: The booking ID to cancel
                    type: string
                reason:
                    description: Reason for cancellation
                    type: string
            required:
                - booking_id
            type: object

        - send_notification: Send email or SMS notification to customer about booking changes
          Parameters:
            properties:
                customer_id:
                    description: Customer ID to notify
                    type: string
                message:
                    description: The notification message content
                    type: string
                method:
                    description: 'Notification method: email or sms'
                    enum:
                        - email
                        - sms
                    type: string
                subject:
                    description: Subject of the notification
                    type: string
            required:
                - customer_id
                - method
                - message
            type: object

        </action>

        <answer>
        Write your final answer here.
        </answer>



  [1] Role: human
      Content:
        Hi, I'm John Smith and my email is john.smith@email.com.
        I have a flight booked for tomorrow (flight AA100 from JFK to LAX) but my meeting is running late.
        Can you help me reschedule to a later flight on the same day? I'd prefer an evening flight if possible.
  [2] Role: ai
      Content:
        <thinking>
        The customer, John Smith (email: john.smith@email.com), wants to reschedule their flight AA100 from JFK to LAX tomorrow to a later evening flight on the same day. Following the rescheduling guidelines:

        1. Verify customer identity and booking: Use get_customer_info with email to retrieve customer details, which may include associated bookings or customer ID.
        2. Confirm original flight details: Use get_flight_info for AA100 to get schedule, departure time, etc.
        3. Check change policy: Use search_airline_policy with keyword "change" to review fees and conditions.
        4. Once verified, search for alternative later flights from JFK to LAX on the same date (tomorrow), preferring evening.

        No booking ID provided yet, so start with verification. Date is "tomorrow" – will determine exact date from booking or flight info. Perform parallel tool calls for efficiency.
        </thinking>

        <action>
        - tool: get_customer_info
          args:
            email: john.smith@email.com
        - tool: get_flight_info
          args:
            flight_number: AA100
        - tool: search_airline_policy
          args:
            keyword: change
        </action>
  [3] Role: human
      Content:
        Observation:
        [get_customer_info] {"id":"C001","name":"John Smith","email":"john.smith@email.com","phone":"+1-555-0123","frequent_flyer_tier":"gold","booking_ids":["BK001","BK002"]}

        Observation:
        [get_flight_info] {"flight_number":"AA100","origin":"JFK","destination":"LAX","departure_time":"2025-02-15T08:00:00Z","arrival_time":"2025-02-15T11:30:00Z","aircraft":"Boeing 777","status":"scheduled","available_seats":45,"economy_price":299,"business_price":899,"first_class_price":1599}

        Observation:
        [search_airline_policy] [{"title":"Flight Change and Rescheduling Policy","content":"Customers may change or reschedule their flights subject to the following:\n- Changes made 24+ hours before departure: $50 change fee for economy, free for business/first class\n- Changes made within 24 hours: $150 change fee for economy, $75 for business, free for first class\n- Gold and Platinum frequent flyers receive one free change per booking\n- Fare difference applies if new flight is more expensive\n- If new flight is cheaper, difference is provided as travel credit"},{"title":"Frequent Flyer Benefits","content":"Tier benefits:\n- Bronze: Priority boarding, 10% bonus miles\n- Silver: Priority boarding, lounge access on international, 25% bonus miles\n- Gold: Free seat selection, 1 free change/cancellation, lounge access, 50% bonus miles\n- Platinum: All Gold benefits plus free upgrades when available, 100% bonus miles"}]

>>> [AfterModelCall: grok-4-1-fast (duration: 8.474869072s)]: 2026-01-18 22:55:01.179
Choice[0]:
  Content:
    <thinking>
    Customer verified: C001, Gold tier (eligible for 1 free change). Flight AA100 departs 2025-02-15 at 08:00Z (early morning). Customer has two bookings: BK001 and BK002 – need to check which is for AA100.

    Policy: Gold gets free change. Assuming >24h notice (tomorrow morning, current time implied before), fee $0.

    Date confirmed: 2025-02-15.

    Next:
    - Retrieve details for both bookings to identify the correct one (likely includes flight number).
    - Search for alternative flights JFK-LAX on 2025-02-15, later than 08:00, prefer evening.
    Once identified, check seats if needed, inform customer of options/fees, then reschedule.
    </thinking>

    <action>
    - tool: get_booking_info
      args:
        booking_id: BK001
    - tool: get_booking_info
      args:
        booking_id: BK002
    - tool: search_flight_schedule
      args:
        origin: JFK
        destination: LAX
        date: 2025-02-15
    </action>
  StopReason: stop
Tokens: input=2745, output=241, total=3308

>>> [BeforeToolCall: get_booking_info]: 2026-01-18 22:55:01.179
Args:
booking_id: BK001

>>> [AfterToolCall: get_booking_info (duration: 47.948µs)]: 2026-01-18 22:55:01.179
Output:
bookingid: BK001
customerid: C001
flightnumber: AA100
seatnumber: 12A
class: economy
status: confirmed
bookingdate: 2025-01-10T00:00:00Z
totalprice: 299
mealpreference: vegetarian

>>> [BeforeToolCall: get_booking_info]: 2026-01-18 22:55:01.179
Args:
booking_id: BK002

>>> [AfterToolCall: get_booking_info (duration: 5.39µs)]: 2026-01-18 22:55:01.179
Output:
bookingid: BK002
customerid: C001
flightnumber: AA200
seatnumber: 3C
class: business
status: confirmed
bookingdate: 2025-01-12T00:00:00Z
totalprice: 799
mealpreference: regular

>>> [BeforeToolCall: search_flight_schedule]: 2026-01-18 22:55:01.179
Args:
date: 2025-02-15T00:00:00Z
destination: LAX
origin: JFK

>>> [AfterToolCall: search_flight_schedule (duration: 0s)]: 2026-01-18 22:55:01.179
Error: schema validation failed: jsonschema validation failed with 'file:///home/ricky/Personal/gent/integrationtest/airline/schema.json#'
- at '/date': invalid jsonType time.Time

>>> [AfterIteration 2]: 2026-01-18 22:55:01.179
--------------------------------------------------------------------------------
ITERATION 2 END
--------------------------------------------------------------------------------
Duration: 8.476016053s

AgentLoopResult:
action: c
next_prompt: |-
    Observation:
    [get_booking_info] {"booking_id":"BK001","customer_id":"C001","flight_number":"AA100","seat_number":"12A","class":"economy","status":"confirmed","booking_date":"2025-01-10T00:00:00Z","total_price":299,"meal_preference":"vegetarian"}

    Observation:
    [get_booking_info] {"booking_id":"BK002","customer_id":"C001","flight_number":"AA200","seat_number":"3C","class":"business","status":"confirmed","booking_date":"2025-01-12T00:00:00Z","total_price":799,"meal_preference":"regular"}

    Error:
    search_flight_schedule: schema validation failed: jsonschema validation failed with 'file:///home/ricky/Personal/gent/integrationtest/airline/schema.json#'
    - at '/date': invalid jsonType time.Time

>>> [BeforeIteration 3]: 2026-01-18 22:55:01.179
--------------------------------------------------------------------------------
ITERATION 3 START
--------------------------------------------------------------------------------

>>> [BeforeModelCall: grok-4-1-fast]: 2026-01-18 22:55:01.179
Request:
  [0] Role: system
      Content:
        You are an AI assistant that solves problems using the ReAct (Reasoning and Acting) pattern.

        ## How ReAct Works

        You will solve problems through a cycle of:
        1. **Think**: Analyze the current situation, reason about what you know, and decide what to do next.
        2. **Act**: Take an action by calling one of the available tools.
        3. **Observe**: Review the results of your action.

        Repeat this cycle until you have enough information to provide a final answer.

        ## Important Guidelines

        - Always think before acting. Explain your reasoning clearly.
        - Use tools to gather information. Don't make up facts.
        - If a tool call fails, analyze the error and try a different approach.
        - When you have sufficient information to answer, provide your final response.
        - Be concise but thorough in your reasoning.


        ## Additional Context

        You are a helpful airline customer service agent for SkyWings Airlines.
        Your role is to assist customers with their flight bookings, including checking flight information,
        rescheduling flights, and answering policy questions.

        Always be polite and professional. When rescheduling, make sure to:
        1. Verify the customer's identity and booking
        2. Check the airline's change policy
        3. Search for available alternative flights
        4. Inform the customer of any fees before making changes
        5. Confirm the change and provide updated booking details


        ## Output Format

        Format your response using XML-style tags for each section:

        <thinking>
        Think step by step about how to help the customer.
        </thinking>

        <action>
        Call tools using YAML format:
        tool: tool_name
        args:
          param: value

        For multiple parallel calls, use a list:
        - tool: tool1
          args:
            param: value
        - tool: tool2
          args:
            param: value

        Available tools:

        - get_customer_info: Retrieve customer information by customer ID or email address
          Parameters:
            properties:
                customer_id:
                    description: The customer's unique ID (e.g., C001)
                    type: string
                email:
                    description: The customer's email address
                    type: string
            type: object

        - get_booking_info: Retrieve booking details by booking ID
          Parameters:
            properties:
                booking_id:
                    description: The booking reference ID (e.g., BK001)
                    type: string
            required:
                - booking_id
            type: object

        - get_flight_info: Retrieve flight information by flight number
          Parameters:
            properties:
                flight_number:
                    description: The flight number (e.g., AA100)
                    type: string
            required:
                - flight_number
            type: object

        - get_flight_seats_info: Retrieve seat availability and details for a specific flight
          Parameters:
            properties:
                available_only:
                    description: If true, only return available seats
                    type: boolean
                class:
                    description: 'Filter by class: economy, business, or first (optional)'
                    type: string
                flight_number:
                    description: The flight number (e.g., AA100)
                    type: string
            required:
                - flight_number
            type: object

        - search_airline_policy: Search airline policies by keyword (e.g., 'cancellation', 'baggage', 'change')
          Parameters:
            properties:
                keyword:
                    description: Keyword to search for in policy titles and content
                    type: string
            required:
                - keyword
            type: object

        - search_flight_schedule: Search for available flights between two airports on a specific date
          Parameters:
            properties:
                date:
                    description: Travel date in YYYY-MM-DD format
                    type: string
                destination:
                    description: Destination airport code (e.g., LAX)
                    type: string
                origin:
                    description: Origin airport code (e.g., JFK)
                    type: string
            required:
                - origin
                - destination
                - date
            type: object

        - reschedule_booking: Reschedule an existing booking to a different flight
          Parameters:
            properties:
                booking_id:
                    description: The booking ID to reschedule
                    type: string
                new_flight_number:
                    description: The new flight number to reschedule to
                    type: string
                new_seat_number:
                    description: The desired seat on the new flight (optional)
                    type: string
            required:
                - booking_id
                - new_flight_number
            type: object

        - cancel_booking: Cancel an existing booking and process refund
          Parameters:
            properties:
                booking_id:
                    description: The booking ID to cancel
                    type: string
                reason:
                    description: Reason for cancellation
                    type: string
            required:
                - booking_id
            type: object

        - send_notification: Send email or SMS notification to customer about booking changes
          Parameters:
            properties:
                customer_id:
                    description: Customer ID to notify
                    type: string
                message:
                    description: The notification message content
                    type: string
                method:
                    description: 'Notification method: email or sms'
                    enum:
                        - email
                        - sms
                    type: string
                subject:
                    description: Subject of the notification
                    type: string
            required:
                - customer_id
                - method
                - message
            type: object

        </action>

        <answer>
        Write your final answer here.
        </answer>



  [1] Role: human
      Content:
        Hi, I'm John Smith and my email is john.smith@email.com.
        I have a flight booked for tomorrow (flight AA100 from JFK to LAX) but my meeting is running late.
        Can you help me reschedule to a later flight on the same day? I'd prefer an evening flight if possible.
  [2] Role: ai
      Content:
        <thinking>
        The customer, John Smith (email: john.smith@email.com), wants to reschedule their flight AA100 from JFK to LAX tomorrow to a later evening flight on the same day. Following the rescheduling guidelines:

        1. Verify customer identity and booking: Use get_customer_info with email to retrieve customer details, which may include associated bookings or customer ID.
        2. Confirm original flight details: Use get_flight_info for AA100 to get schedule, departure time, etc.
        3. Check change policy: Use search_airline_policy with keyword "change" to review fees and conditions.
        4. Once verified, search for alternative later flights from JFK to LAX on the same date (tomorrow), preferring evening.

        No booking ID provided yet, so start with verification. Date is "tomorrow" – will determine exact date from booking or flight info. Perform parallel tool calls for efficiency.
        </thinking>

        <action>
        - tool: get_customer_info
          args:
            email: john.smith@email.com
        - tool: get_flight_info
          args:
            flight_number: AA100
        - tool: search_airline_policy
          args:
            keyword: change
        </action>
  [3] Role: human
      Content:
        Observation:
        [get_customer_info] {"id":"C001","name":"John Smith","email":"john.smith@email.com","phone":"+1-555-0123","frequent_flyer_tier":"gold","booking_ids":["BK001","BK002"]}

        Observation:
        [get_flight_info] {"flight_number":"AA100","origin":"JFK","destination":"LAX","departure_time":"2025-02-15T08:00:00Z","arrival_time":"2025-02-15T11:30:00Z","aircraft":"Boeing 777","status":"scheduled","available_seats":45,"economy_price":299,"business_price":899,"first_class_price":1599}

        Observation:
        [search_airline_policy] [{"title":"Flight Change and Rescheduling Policy","content":"Customers may change or reschedule their flights subject to the following:\n- Changes made 24+ hours before departure: $50 change fee for economy, free for business/first class\n- Changes made within 24 hours: $150 change fee for economy, $75 for business, free for first class\n- Gold and Platinum frequent flyers receive one free change per booking\n- Fare difference applies if new flight is more expensive\n- If new flight is cheaper, difference is provided as travel credit"},{"title":"Frequent Flyer Benefits","content":"Tier benefits:\n- Bronze: Priority boarding, 10% bonus miles\n- Silver: Priority boarding, lounge access on international, 25% bonus miles\n- Gold: Free seat selection, 1 free change/cancellation, lounge access, 50% bonus miles\n- Platinum: All Gold benefits plus free upgrades when available, 100% bonus miles"}]
  [4] Role: ai
      Content:
        <thinking>
        Customer verified: C001, Gold tier (eligible for 1 free change). Flight AA100 departs 2025-02-15 at 08:00Z (early morning). Customer has two bookings: BK001 and BK002 – need to check which is for AA100.

        Policy: Gold gets free change. Assuming >24h notice (tomorrow morning, current time implied before), fee $0.

        Date confirmed: 2025-02-15.

        Next:
        - Retrieve details for both bookings to identify the correct one (likely includes flight number).
        - Search for alternative flights JFK-LAX on 2025-02-15, later than 08:00, prefer evening.
        Once identified, check seats if needed, inform customer of options/fees, then reschedule.
        </thinking>

        <action>
        - tool: get_booking_info
          args:
            booking_id: BK001
        - tool: get_booking_info
          args:
            booking_id: BK002
        - tool: search_flight_schedule
          args:
            origin: JFK
            destination: LAX
            date: 2025-02-15
        </action>
  [5] Role: human
      Content:
        Observation:
        [get_booking_info] {"booking_id":"BK001","customer_id":"C001","flight_number":"AA100","seat_number":"12A","class":"economy","status":"confirmed","booking_date":"2025-01-10T00:00:00Z","total_price":299,"meal_preference":"vegetarian"}

        Observation:
        [get_booking_info] {"booking_id":"BK002","customer_id":"C001","flight_number":"AA200","seat_number":"3C","class":"business","status":"confirmed","booking_date":"2025-01-12T00:00:00Z","total_price":799,"meal_preference":"regular"}

        Error:
        search_flight_schedule: schema validation failed: jsonschema validation failed with 'file:///home/ricky/Personal/gent/integrationtest/airline/schema.json#'
        - at '/date': invalid jsonType time.Time

>>> [AfterModelCall: grok-4-1-fast (duration: 30.807536781s)]: 2026-01-18 22:55:31.987
Choice[0]:
  Content:
    <thinking>
    Booking confirmed: BK001 for AA100 (economy, 12A, vegetarian), departs 2025-02-15 08:00Z. Customer Gold tier: free change eligible. No fare difference info yet.

    search_flight_schedule failed due to schema validation on 'date' field (invalid jsonType time.Time). Schema specifies string YYYY-MM-DD, but backend may expect ISO datetime. Analyze: try passing date as full ISO string "2025-02-15T00:00:00Z" to match time.Time expectation.

    Once alternatives found, select evening flight (e.g., after 18:00), check seats in economy, inform $0 fee (Gold benefit), propose to customer implicitly by selecting best, then reschedule and notify.

    Retry search with adjusted date format. Also, check seat availability on original for reference.
    </thinking>

    <action>
    - tool: search_flight_schedule
      args:
        origin: JFK
        destination: LAX
        date: "2025-02-15T00:00:00Z"
    - tool: get_flight_seats_info
      args:
        flight_number: AA100
        class: economy
        available_only: true
    </action>
  StopReason: stop
Tokens: input=3499, output=254, total=5360

>>> [BeforeToolCall: search_flight_schedule]: 2026-01-18 22:55:31.987
Args:
date: "2025-02-15T00:00:00Z"
destination: LAX
origin: JFK

>>> [AfterToolCall: search_flight_schedule (duration: 43.179µs)]: 2026-01-18 22:55:31.987
Error: invalid date format, use YYYY-MM-DD: parsing time "2025-02-15T00:00:00Z": extra text: "T00:00:00Z"

>>> [BeforeToolCall: get_flight_seats_info]: 2026-01-18 22:55:31.987
Args:
available_only: true
class: economy
flight_number: AA100

>>> [AfterToolCall: get_flight_seats_info (duration: 28.579µs)]: 2026-01-18 22:55:31.987
Output:
- seatnumber: 10A
  class: economy
  isavailable: true
  iswindow: true
  isaisle: false
  hasextraleg: false
- seatnumber: 10B
  class: economy
  isavailable: true
  iswindow: false
  isaisle: false
  hasextraleg: false
- seatnumber: 15A
  class: economy
  isavailable: true
  iswindow: true
  isaisle: false
  hasextraleg: true
- seatnumber: 15C
  class: economy
  isavailable: true
  iswindow: false
  isaisle: true
  hasextraleg: true

>>> [AfterIteration 3]: 2026-01-18 22:55:31.987
--------------------------------------------------------------------------------
ITERATION 3 END
--------------------------------------------------------------------------------
Duration: 30.808149895s

AgentLoopResult:
action: c
next_prompt: |-
    Error:
    search_flight_schedule: invalid date format, use YYYY-MM-DD: parsing time "2025-02-15T00:00:00Z": extra text: "T00:00:00Z"

    Observation:
    [get_flight_seats_info] [{"seat_number":"10A","class":"economy","is_available":true,"is_window":true,"is_aisle":false,"has_extra_legroom":false},{"seat_number":"10B","class":"economy","is_available":true,"is_window":false,"is_aisle":false,"has_extra_legroom":false},{"seat_number":"15A","class":"economy","is_available":true,"is_window":true,"is_aisle":false,"has_extra_legroom":true},{"seat_number":"15C","class":"economy","is_available":true,"is_window":false,"is_aisle":true,"has_extra_legroom":true}]

>>> [BeforeIteration 4]: 2026-01-18 22:55:31.987
--------------------------------------------------------------------------------
ITERATION 4 START
--------------------------------------------------------------------------------

>>> [BeforeModelCall: grok-4-1-fast]: 2026-01-18 22:55:31.988
Request:
  [0] Role: system
      Content:
        You are an AI assistant that solves problems using the ReAct (Reasoning and Acting) pattern.

        ## How ReAct Works

        You will solve problems through a cycle of:
        1. **Think**: Analyze the current situation, reason about what you know, and decide what to do next.
        2. **Act**: Take an action by calling one of the available tools.
        3. **Observe**: Review the results of your action.

        Repeat this cycle until you have enough information to provide a final answer.

        ## Important Guidelines

        - Always think before acting. Explain your reasoning clearly.
        - Use tools to gather information. Don't make up facts.
        - If a tool call fails, analyze the error and try a different approach.
        - When you have sufficient information to answer, provide your final response.
        - Be concise but thorough in your reasoning.


        ## Additional Context

        You are a helpful airline customer service agent for SkyWings Airlines.
        Your role is to assist customers with their flight bookings, including checking flight information,
        rescheduling flights, and answering policy questions.

        Always be polite and professional. When rescheduling, make sure to:
        1. Verify the customer's identity and booking
        2. Check the airline's change policy
        3. Search for available alternative flights
        4. Inform the customer of any fees before making changes
        5. Confirm the change and provide updated booking details


        ## Output Format

        Format your response using XML-style tags for each section:

        <thinking>
        Think step by step about how to help the customer.
        </thinking>

        <action>
        Call tools using YAML format:
        tool: tool_name
        args:
          param: value

        For multiple parallel calls, use a list:
        - tool: tool1
          args:
            param: value
        - tool: tool2
          args:
            param: value

        Available tools:

        - get_customer_info: Retrieve customer information by customer ID or email address
          Parameters:
            properties:
                customer_id:
                    description: The customer's unique ID (e.g., C001)
                    type: string
                email:
                    description: The customer's email address
                    type: string
            type: object

        - get_booking_info: Retrieve booking details by booking ID
          Parameters:
            properties:
                booking_id:
                    description: The booking reference ID (e.g., BK001)
                    type: string
            required:
                - booking_id
            type: object

        - get_flight_info: Retrieve flight information by flight number
          Parameters:
            properties:
                flight_number:
                    description: The flight number (e.g., AA100)
                    type: string
            required:
                - flight_number
            type: object

        - get_flight_seats_info: Retrieve seat availability and details for a specific flight
          Parameters:
            properties:
                available_only:
                    description: If true, only return available seats
                    type: boolean
                class:
                    description: 'Filter by class: economy, business, or first (optional)'
                    type: string
                flight_number:
                    description: The flight number (e.g., AA100)
                    type: string
            required:
                - flight_number
            type: object

        - search_airline_policy: Search airline policies by keyword (e.g., 'cancellation', 'baggage', 'change')
          Parameters:
            properties:
                keyword:
                    description: Keyword to search for in policy titles and content
                    type: string
            required:
                - keyword
            type: object

        - search_flight_schedule: Search for available flights between two airports on a specific date
          Parameters:
            properties:
                date:
                    description: Travel date in YYYY-MM-DD format
                    type: string
                destination:
                    description: Destination airport code (e.g., LAX)
                    type: string
                origin:
                    description: Origin airport code (e.g., JFK)
                    type: string
            required:
                - origin
                - destination
                - date
            type: object

        - reschedule_booking: Reschedule an existing booking to a different flight
          Parameters:
            properties:
                booking_id:
                    description: The booking ID to reschedule
                    type: string
                new_flight_number:
                    description: The new flight number to reschedule to
                    type: string
                new_seat_number:
                    description: The desired seat on the new flight (optional)
                    type: string
            required:
                - booking_id
                - new_flight_number
            type: object

        - cancel_booking: Cancel an existing booking and process refund
          Parameters:
            properties:
                booking_id:
                    description: The booking ID to cancel
                    type: string
                reason:
                    description: Reason for cancellation
                    type: string
            required:
                - booking_id
            type: object

        - send_notification: Send email or SMS notification to customer about booking changes
          Parameters:
            properties:
                customer_id:
                    description: Customer ID to notify
                    type: string
                message:
                    description: The notification message content
                    type: string
                method:
                    description: 'Notification method: email or sms'
                    enum:
                        - email
                        - sms
                    type: string
                subject:
                    description: Subject of the notification
                    type: string
            required:
                - customer_id
                - method
                - message
            type: object

        </action>

        <answer>
        Write your final answer here.
        </answer>



  [1] Role: human
      Content:
        Hi, I'm John Smith and my email is john.smith@email.com.
        I have a flight booked for tomorrow (flight AA100 from JFK to LAX) but my meeting is running late.
        Can you help me reschedule to a later flight on the same day? I'd prefer an evening flight if possible.
  [2] Role: ai
      Content:
        <thinking>
        The customer, John Smith (email: john.smith@email.com), wants to reschedule their flight AA100 from JFK to LAX tomorrow to a later evening flight on the same day. Following the rescheduling guidelines:

        1. Verify customer identity and booking: Use get_customer_info with email to retrieve customer details, which may include associated bookings or customer ID.
        2. Confirm original flight details: Use get_flight_info for AA100 to get schedule, departure time, etc.
        3. Check change policy: Use search_airline_policy with keyword "change" to review fees and conditions.
        4. Once verified, search for alternative later flights from JFK to LAX on the same date (tomorrow), preferring evening.

        No booking ID provided yet, so start with verification. Date is "tomorrow" – will determine exact date from booking or flight info. Perform parallel tool calls for efficiency.
        </thinking>

        <action>
        - tool: get_customer_info
          args:
            email: john.smith@email.com
        - tool: get_flight_info
          args:
            flight_number: AA100
        - tool: search_airline_policy
          args:
            keyword: change
        </action>
  [3] Role: human
      Content:
        Observation:
        [get_customer_info] {"id":"C001","name":"John Smith","email":"john.smith@email.com","phone":"+1-555-0123","frequent_flyer_tier":"gold","booking_ids":["BK001","BK002"]}

        Observation:
        [get_flight_info] {"flight_number":"AA100","origin":"JFK","destination":"LAX","departure_time":"2025-02-15T08:00:00Z","arrival_time":"2025-02-15T11:30:00Z","aircraft":"Boeing 777","status":"scheduled","available_seats":45,"economy_price":299,"business_price":899,"first_class_price":1599}

        Observation:
        [search_airline_policy] [{"title":"Flight Change and Rescheduling Policy","content":"Customers may change or reschedule their flights subject to the following:\n- Changes made 24+ hours before departure: $50 change fee for economy, free for business/first class\n- Changes made within 24 hours: $150 change fee for economy, $75 for business, free for first class\n- Gold and Platinum frequent flyers receive one free change per booking\n- Fare difference applies if new flight is more expensive\n- If new flight is cheaper, difference is provided as travel credit"},{"title":"Frequent Flyer Benefits","content":"Tier benefits:\n- Bronze: Priority boarding, 10% bonus miles\n- Silver: Priority boarding, lounge access on international, 25% bonus miles\n- Gold: Free seat selection, 1 free change/cancellation, lounge access, 50% bonus miles\n- Platinum: All Gold benefits plus free upgrades when available, 100% bonus miles"}]
  [4] Role: ai
      Content:
        <thinking>
        Customer verified: C001, Gold tier (eligible for 1 free change). Flight AA100 departs 2025-02-15 at 08:00Z (early morning). Customer has two bookings: BK001 and BK002 – need to check which is for AA100.

        Policy: Gold gets free change. Assuming >24h notice (tomorrow morning, current time implied before), fee $0.

        Date confirmed: 2025-02-15.

        Next:
        - Retrieve details for both bookings to identify the correct one (likely includes flight number).
        - Search for alternative flights JFK-LAX on 2025-02-15, later than 08:00, prefer evening.
        Once identified, check seats if needed, inform customer of options/fees, then reschedule.
        </thinking>

        <action>
        - tool: get_booking_info
          args:
            booking_id: BK001
        - tool: get_booking_info
          args:
            booking_id: BK002
        - tool: search_flight_schedule
          args:
            origin: JFK
            destination: LAX
            date: 2025-02-15
        </action>
  [5] Role: human
      Content:
        Observation:
        [get_booking_info] {"booking_id":"BK001","customer_id":"C001","flight_number":"AA100","seat_number":"12A","class":"economy","status":"confirmed","booking_date":"2025-01-10T00:00:00Z","total_price":299,"meal_preference":"vegetarian"}

        Observation:
        [get_booking_info] {"booking_id":"BK002","customer_id":"C001","flight_number":"AA200","seat_number":"3C","class":"business","status":"confirmed","booking_date":"2025-01-12T00:00:00Z","total_price":799,"meal_preference":"regular"}

        Error:
        search_flight_schedule: schema validation failed: jsonschema validation failed with 'file:///home/ricky/Personal/gent/integrationtest/airline/schema.json#'
        - at '/date': invalid jsonType time.Time
  [6] Role: ai
      Content:
        <thinking>
        Booking confirmed: BK001 for AA100 (economy, 12A, vegetarian), departs 2025-02-15 08:00Z. Customer Gold tier: free change eligible. No fare difference info yet.

        search_flight_schedule failed due to schema validation on 'date' field (invalid jsonType time.Time). Schema specifies string YYYY-MM-DD, but backend may expect ISO datetime. Analyze: try passing date as full ISO string "2025-02-15T00:00:00Z" to match time.Time expectation.

        Once alternatives found, select evening flight (e.g., after 18:00), check seats in economy, inform $0 fee (Gold benefit), propose to customer implicitly by selecting best, then reschedule and notify.

        Retry search with adjusted date format. Also, check seat availability on original for reference.
        </thinking>

        <action>
        - tool: search_flight_schedule
          args:
            origin: JFK
            destination: LAX
            date: "2025-02-15T00:00:00Z"
        - tool: get_flight_seats_info
          args:
            flight_number: AA100
            class: economy
            available_only: true
        </action>
  [7] Role: human
      Content:
        Error:
        search_flight_schedule: invalid date format, use YYYY-MM-DD: parsing time "2025-02-15T00:00:00Z": extra text: "T00:00:00Z"

        Observation:
        [get_flight_seats_info] [{"seat_number":"10A","class":"economy","is_available":true,"is_window":true,"is_aisle":false,"has_extra_legroom":false},{"seat_number":"10B","class":"economy","is_available":true,"is_window":false,"is_aisle":false,"has_extra_legroom":false},{"seat_number":"15A","class":"economy","is_available":true,"is_window":true,"is_aisle":false,"has_extra_legroom":true},{"seat_number":"15C","class":"economy","is_available":true,"is_window":false,"is_aisle":true,"has_extra_legroom":true}]

>>> [AfterModelCall: grok-4-1-fast (duration: 9.830449007s)]: 2026-01-18 22:55:41.819
Choice[0]:
  Content:
    <thinking>
    Search continues to fail despite correct format (YYYY-MM-DD) – possible tool issue with date 2025-02-15 or internal parsing to time.Time. Alternative approach: Retrieve info on known flight AA200 from customer's other booking, as it may be a later flight on same route/day. Check its schedule, seats in economy.

    If suitable (evening), propose it. Original has available economy seats, but not relevant.

    Once have a suitable flight, inform of $0 fee, reschedule BK001 to it (same class economy), send notification.

    Call tools for AA200 details.
    </thinking>

    <action>
    - tool: get_flight_info
      args:
        flight_number: AA200
    - tool: get_flight_seats_info
      args:
        flight_number: AA200
        class: economy
        available_only: true
    - tool: search_flight_schedule
      args:
        origin: JFK
        destination: LAX
        date: 2025-02-15
    </action>
  StopReason: stop
Tokens: input=5561, output=213, total=6529

>>> [BeforeToolCall: get_flight_info]: 2026-01-18 22:55:41.819
Args:
flight_number: AA200

>>> [AfterToolCall: get_flight_info (duration: 34.529µs)]: 2026-01-18 22:55:41.819
Output:
flightnumber: AA200
origin: JFK
destination: LAX
departuretime: 2025-02-16T09:00:00Z
arrivaltime: 2025-02-16T12:30:00Z
aircraft: Boeing 777
status: scheduled
availableseats: 89
economyprice: 269
businessprice: 799
firstclassprice: 1399

>>> [BeforeToolCall: get_flight_seats_info]: 2026-01-18 22:55:41.819
Args:
available_only: true
class: economy
flight_number: AA200

>>> [AfterToolCall: get_flight_seats_info (duration: 15.34µs)]: 2026-01-18 22:55:41.819
Error: no seat data for flight: AA200

>>> [BeforeToolCall: search_flight_schedule]: 2026-01-18 22:55:41.819
Args:
date: 2025-02-15T00:00:00Z
destination: LAX
origin: JFK

>>> [AfterToolCall: search_flight_schedule (duration: 0s)]: 2026-01-18 22:55:41.819
Error: schema validation failed: jsonschema validation failed with 'file:///home/ricky/Personal/gent/integrationtest/airline/schema.json#'
- at '/date': invalid jsonType time.Time

>>> [AfterIteration 4]: 2026-01-18 22:55:41.819
--------------------------------------------------------------------------------
ITERATION 4 END
--------------------------------------------------------------------------------
Duration: 9.831643978s

AgentLoopResult:
action: c
next_prompt: |-
    Observation:
    [get_flight_info] {"flight_number":"AA200","origin":"JFK","destination":"LAX","departure_time":"2025-02-16T09:00:00Z","arrival_time":"2025-02-16T12:30:00Z","aircraft":"Boeing 777","status":"scheduled","available_seats":89,"economy_price":269,"business_price":799,"first_class_price":1399}

    Error:
    get_flight_seats_info: no seat data for flight: AA200

    Error:
    search_flight_schedule: schema validation failed: jsonschema validation failed with 'file:///home/ricky/Personal/gent/integrationtest/airline/schema.json#'
    - at '/date': invalid jsonType time.Time

>>> [BeforeIteration 5]: 2026-01-18 22:55:41.819
--------------------------------------------------------------------------------
ITERATION 5 START
--------------------------------------------------------------------------------

>>> [BeforeModelCall: grok-4-1-fast]: 2026-01-18 22:55:41.820
Request:
  [0] Role: system
      Content:
        You are an AI assistant that solves problems using the ReAct (Reasoning and Acting) pattern.

        ## How ReAct Works

        You will solve problems through a cycle of:
        1. **Think**: Analyze the current situation, reason about what you know, and decide what to do next.
        2. **Act**: Take an action by calling one of the available tools.
        3. **Observe**: Review the results of your action.

        Repeat this cycle until you have enough information to provide a final answer.

        ## Important Guidelines

        - Always think before acting. Explain your reasoning clearly.
        - Use tools to gather information. Don't make up facts.
        - If a tool call fails, analyze the error and try a different approach.
        - When you have sufficient information to answer, provide your final response.
        - Be concise but thorough in your reasoning.


        ## Additional Context

        You are a helpful airline customer service agent for SkyWings Airlines.
        Your role is to assist customers with their flight bookings, including checking flight information,
        rescheduling flights, and answering policy questions.

        Always be polite and professional. When rescheduling, make sure to:
        1. Verify the customer's identity and booking
        2. Check the airline's change policy
        3. Search for available alternative flights
        4. Inform the customer of any fees before making changes
        5. Confirm the change and provide updated booking details


        ## Output Format

        Format your response using XML-style tags for each section:

        <thinking>
        Think step by step about how to help the customer.
        </thinking>

        <action>
        Call tools using YAML format:
        tool: tool_name
        args:
          param: value

        For multiple parallel calls, use a list:
        - tool: tool1
          args:
            param: value
        - tool: tool2
          args:
            param: value

        Available tools:

        - get_customer_info: Retrieve customer information by customer ID or email address
          Parameters:
            properties:
                customer_id:
                    description: The customer's unique ID (e.g., C001)
                    type: string
                email:
                    description: The customer's email address
                    type: string
            type: object

        - get_booking_info: Retrieve booking details by booking ID
          Parameters:
            properties:
                booking_id:
                    description: The booking reference ID (e.g., BK001)
                    type: string
            required:
                - booking_id
            type: object

        - get_flight_info: Retrieve flight information by flight number
          Parameters:
            properties:
                flight_number:
                    description: The flight number (e.g., AA100)
                    type: string
            required:
                - flight_number
            type: object

        - get_flight_seats_info: Retrieve seat availability and details for a specific flight
          Parameters:
            properties:
                available_only:
                    description: If true, only return available seats
                    type: boolean
                class:
                    description: 'Filter by class: economy, business, or first (optional)'
                    type: string
                flight_number:
                    description: The flight number (e.g., AA100)
                    type: string
            required:
                - flight_number
            type: object

        - search_airline_policy: Search airline policies by keyword (e.g., 'cancellation', 'baggage', 'change')
          Parameters:
            properties:
                keyword:
                    description: Keyword to search for in policy titles and content
                    type: string
            required:
                - keyword
            type: object

        - search_flight_schedule: Search for available flights between two airports on a specific date
          Parameters:
            properties:
                date:
                    description: Travel date in YYYY-MM-DD format
                    type: string
                destination:
                    description: Destination airport code (e.g., LAX)
                    type: string
                origin:
                    description: Origin airport code (e.g., JFK)
                    type: string
            required:
                - origin
                - destination
                - date
            type: object

        - reschedule_booking: Reschedule an existing booking to a different flight
          Parameters:
            properties:
                booking_id:
                    description: The booking ID to reschedule
                    type: string
                new_flight_number:
                    description: The new flight number to reschedule to
                    type: string
                new_seat_number:
                    description: The desired seat on the new flight (optional)
                    type: string
            required:
                - booking_id
                - new_flight_number
            type: object

        - cancel_booking: Cancel an existing booking and process refund
          Parameters:
            properties:
                booking_id:
                    description: The booking ID to cancel
                    type: string
                reason:
                    description: Reason for cancellation
                    type: string
            required:
                - booking_id
            type: object

        - send_notification: Send email or SMS notification to customer about booking changes
          Parameters:
            properties:
                customer_id:
                    description: Customer ID to notify
                    type: string
                message:
                    description: The notification message content
                    type: string
                method:
                    description: 'Notification method: email or sms'
                    enum:
                        - email
                        - sms
                    type: string
                subject:
                    description: Subject of the notification
                    type: string
            required:
                - customer_id
                - method
                - message
            type: object

        </action>

        <answer>
        Write your final answer here.
        </answer>



  [1] Role: human
      Content:
        Hi, I'm John Smith and my email is john.smith@email.com.
        I have a flight booked for tomorrow (flight AA100 from JFK to LAX) but my meeting is running late.
        Can you help me reschedule to a later flight on the same day? I'd prefer an evening flight if possible.
  [2] Role: ai
      Content:
        <thinking>
        The customer, John Smith (email: john.smith@email.com), wants to reschedule their flight AA100 from JFK to LAX tomorrow to a later evening flight on the same day. Following the rescheduling guidelines:

        1. Verify customer identity and booking: Use get_customer_info with email to retrieve customer details, which may include associated bookings or customer ID.
        2. Confirm original flight details: Use get_flight_info for AA100 to get schedule, departure time, etc.
        3. Check change policy: Use search_airline_policy with keyword "change" to review fees and conditions.
        4. Once verified, search for alternative later flights from JFK to LAX on the same date (tomorrow), preferring evening.

        No booking ID provided yet, so start with verification. Date is "tomorrow" – will determine exact date from booking or flight info. Perform parallel tool calls for efficiency.
        </thinking>

        <action>
        - tool: get_customer_info
          args:
            email: john.smith@email.com
        - tool: get_flight_info
          args:
            flight_number: AA100
        - tool: search_airline_policy
          args:
            keyword: change
        </action>
  [3] Role: human
      Content:
        Observation:
        [get_customer_info] {"id":"C001","name":"John Smith","email":"john.smith@email.com","phone":"+1-555-0123","frequent_flyer_tier":"gold","booking_ids":["BK001","BK002"]}

        Observation:
        [get_flight_info] {"flight_number":"AA100","origin":"JFK","destination":"LAX","departure_time":"2025-02-15T08:00:00Z","arrival_time":"2025-02-15T11:30:00Z","aircraft":"Boeing 777","status":"scheduled","available_seats":45,"economy_price":299,"business_price":899,"first_class_price":1599}

        Observation:
        [search_airline_policy] [{"title":"Flight Change and Rescheduling Policy","content":"Customers may change or reschedule their flights subject to the following:\n- Changes made 24+ hours before departure: $50 change fee for economy, free for business/first class\n- Changes made within 24 hours: $150 change fee for economy, $75 for business, free for first class\n- Gold and Platinum frequent flyers receive one free change per booking\n- Fare difference applies if new flight is more expensive\n- If new flight is cheaper, difference is provided as travel credit"},{"title":"Frequent Flyer Benefits","content":"Tier benefits:\n- Bronze: Priority boarding, 10% bonus miles\n- Silver: Priority boarding, lounge access on international, 25% bonus miles\n- Gold: Free seat selection, 1 free change/cancellation, lounge access, 50% bonus miles\n- Platinum: All Gold benefits plus free upgrades when available, 100% bonus miles"}]
  [4] Role: ai
      Content:
        <thinking>
        Customer verified: C001, Gold tier (eligible for 1 free change). Flight AA100 departs 2025-02-15 at 08:00Z (early morning). Customer has two bookings: BK001 and BK002 – need to check which is for AA100.

        Policy: Gold gets free change. Assuming >24h notice (tomorrow morning, current time implied before), fee $0.

        Date confirmed: 2025-02-15.

        Next:
        - Retrieve details for both bookings to identify the correct one (likely includes flight number).
        - Search for alternative flights JFK-LAX on 2025-02-15, later than 08:00, prefer evening.
        Once identified, check seats if needed, inform customer of options/fees, then reschedule.
        </thinking>

        <action>
        - tool: get_booking_info
          args:
            booking_id: BK001
        - tool: get_booking_info
          args:
            booking_id: BK002
        - tool: search_flight_schedule
          args:
            origin: JFK
            destination: LAX
            date: 2025-02-15
        </action>
  [5] Role: human
      Content:
        Observation:
        [get_booking_info] {"booking_id":"BK001","customer_id":"C001","flight_number":"AA100","seat_number":"12A","class":"economy","status":"confirmed","booking_date":"2025-01-10T00:00:00Z","total_price":299,"meal_preference":"vegetarian"}

        Observation:
        [get_booking_info] {"booking_id":"BK002","customer_id":"C001","flight_number":"AA200","seat_number":"3C","class":"business","status":"confirmed","booking_date":"2025-01-12T00:00:00Z","total_price":799,"meal_preference":"regular"}

        Error:
        search_flight_schedule: schema validation failed: jsonschema validation failed with 'file:///home/ricky/Personal/gent/integrationtest/airline/schema.json#'
        - at '/date': invalid jsonType time.Time
  [6] Role: ai
      Content:
        <thinking>
        Booking confirmed: BK001 for AA100 (economy, 12A, vegetarian), departs 2025-02-15 08:00Z. Customer Gold tier: free change eligible. No fare difference info yet.

        search_flight_schedule failed due to schema validation on 'date' field (invalid jsonType time.Time). Schema specifies string YYYY-MM-DD, but backend may expect ISO datetime. Analyze: try passing date as full ISO string "2025-02-15T00:00:00Z" to match time.Time expectation.

        Once alternatives found, select evening flight (e.g., after 18:00), check seats in economy, inform $0 fee (Gold benefit), propose to customer implicitly by selecting best, then reschedule and notify.

        Retry search with adjusted date format. Also, check seat availability on original for reference.
        </thinking>

        <action>
        - tool: search_flight_schedule
          args:
            origin: JFK
            destination: LAX
            date: "2025-02-15T00:00:00Z"
        - tool: get_flight_seats_info
          args:
            flight_number: AA100
            class: economy
            available_only: true
        </action>
  [7] Role: human
      Content:
        Error:
        search_flight_schedule: invalid date format, use YYYY-MM-DD: parsing time "2025-02-15T00:00:00Z": extra text: "T00:00:00Z"

        Observation:
        [get_flight_seats_info] [{"seat_number":"10A","class":"economy","is_available":true,"is_window":true,"is_aisle":false,"has_extra_legroom":false},{"seat_number":"10B","class":"economy","is_available":true,"is_window":false,"is_aisle":false,"has_extra_legroom":false},{"seat_number":"15A","class":"economy","is_available":true,"is_window":true,"is_aisle":false,"has_extra_legroom":true},{"seat_number":"15C","class":"economy","is_available":true,"is_window":false,"is_aisle":true,"has_extra_legroom":true}]
  [8] Role: ai
      Content:
        <thinking>
        Search continues to fail despite correct format (YYYY-MM-DD) – possible tool issue with date 2025-02-15 or internal parsing to time.Time. Alternative approach: Retrieve info on known flight AA200 from customer's other booking, as it may be a later flight on same route/day. Check its schedule, seats in economy.

        If suitable (evening), propose it. Original has available economy seats, but not relevant.

        Once have a suitable flight, inform of $0 fee, reschedule BK001 to it (same class economy), send notification.

        Call tools for AA200 details.
        </thinking>

        <action>
        - tool: get_flight_info
          args:
            flight_number: AA200
        - tool: get_flight_seats_info
          args:
            flight_number: AA200
            class: economy
            available_only: true
        - tool: search_flight_schedule
          args:
            origin: JFK
            destination: LAX
            date: 2025-02-15
        </action>
  [9] Role: human
      Content:
        Observation:
        [get_flight_info] {"flight_number":"AA200","origin":"JFK","destination":"LAX","departure_time":"2025-02-16T09:00:00Z","arrival_time":"2025-02-16T12:30:00Z","aircraft":"Boeing 777","status":"scheduled","available_seats":89,"economy_price":269,"business_price":799,"first_class_price":1399}

        Error:
        get_flight_seats_info: no seat data for flight: AA200

        Error:
        search_flight_schedule: schema validation failed: jsonschema validation failed with 'file:///home/ricky/Personal/gent/integrationtest/airline/schema.json#'
        - at '/date': invalid jsonType time.Time

>>> [AfterModelCall: grok-4-1-fast (duration: 10.110597701s)]: 2026-01-18 22:55:51.931
Choice[0]:
  Content:
    <answer>
    Hello John Smith,

    Thank you for contacting SkyWings Airlines customer service. I've verified your identity and details using your email (john.smith@email.com). You have booking **BK001** for flight **AA100** from **JFK to LAX** departing **February 15, 2025, at 08:00 UTC** (your seat: 12A, economy class, vegetarian meal, total $299).

    Great news: As a **Gold frequent flyer member**, you're eligible for **one free change per booking** with no change fee. Any fare difference will apply if the new flight costs more (credit if less).

    I attempted to search for later flights on the same day (2025-02-15), preferring evening options, but encountered a technical issue retrieving the full schedule.

    To proceed with rescheduling:
    - Please reply with your preferred **new flight number** (e.g., AA150 or another evening flight from JFK to LAX on 2025-02-15), and optionally a seat preference.
    - I'll check availability, confirm details/no fees, and complete the change right away.

    If you'd like options for the next day or different dates, let me know!

    Best regards,
    SkyWings Customer Service
    Reference: C001 / BK001
    </answer>
  StopReason: stop
Tokens: input=6695, output=267, total=7413

>>> [AfterIteration 5]: 2026-01-18 22:55:51.931
--------------------------------------------------------------------------------
ITERATION 5 END
--------------------------------------------------------------------------------
Duration: 10.111585107s

AgentLoopResult:
action: t
result:
    - "Hello John Smith,\n\nThank you for contacting SkyWings Airlines customer service. I've verified your identity and details using your email (john.smith@email.com). You have booking **BK001** for flight **AA100** from **JFK to LAX** departing **February 15, 2025, at 08:00 UTC** (your seat: 12A, economy class, vegetarian meal, total $299).\n\nGreat news: As a **Gold frequent flyer member**, you're eligible for **one free change per booking** with no change fee. Any fare difference will apply if the new flight costs more (credit if less).\n\nI attempted to search for later flights on the same day (2025-02-15), preferring evening options, but encountered a technical issue retrieving the full schedule. \n\nTo proceed with rescheduling:\n- Please reply with your preferred **new flight number** (e.g., AA150 or another evening flight from JFK to LAX on 2025-02-15), and optionally a seat preference.\n- I'll check availability, confirm details/no fees, and complete the change right away.\n\nIf you'd like options
for the next day or different dates, let me know!\n\nBest regards,  \nSkyWings Customer Service  \nReference: C001 / BK001"

>>> [AfterExecution]: 2026-01-18 22:55:51.931
================================================================================
EXECUTION COMPLETED
================================================================================
termination_reason: success

Stats:
input_tokens_by_model:
    grok-4-1-fast: 19838
output_tokens_by_model:
    grok-4-1-fast: 1219
tool_calls_by_name:
    get_booking_info: 2
    get_customer_info: 1
    get_flight_info: 2
    get_flight_seats_info: 2
    search_airline_policy: 1
    search_flight_schedule: 3
total_cost: 0
total_input_tokens: 19838
total_iterations: 5
total_output_tokens: 1219
total_tool_calls: 11

================================================================================
FINAL SUMMARY
================================================================================

Final Response to Customer:
----------------------------------------
Hello John Smith,

Thank you for contacting SkyWings Airlines customer service. I've verified your identity and details using your email (john.smith@email.com). You have booking **BK001** for flight **AA100** from **JFK to LAX** departing **February 15, 2025, at 08:00 UTC** (your seat: 12A, economy class, vegetarian meal, total $299).

Great news: As a **Gold frequent flyer member**, you're eligible for **one free change per booking** with no change fee. Any fare difference will apply if the new flight costs more (credit if less).

I attempted to search for later flights on the same day (2025-02-15), preferring evening options, but encountered a technical issue retrieving the full schedule.

To proceed with rescheduling:
- Please reply with your preferred **new flight number** (e.g., AA150 or another evening flight from JFK to LAX on 2025-02-15), and optionally a seat preference.
- I'll check availability, confirm details/no fees, and complete the change right away.

If you'd like options for the next day or different dates, let me know!

Best regards,
SkyWings Customer Service
Reference: C001 / BK001
----------------------------------------

================================================================================
FULL ITERATION HISTORY
================================================================================

--- Iteration 1 ---
[ai]
<thinking>
The customer, John Smith (email: john.smith@email.com), wants to reschedule their flight AA100 from JFK to LAX tomorrow to a later evening flight on the same day. Following the rescheduling guidelines:

1. Verify customer identity and booking: Use get_customer_info with email to retrieve customer details, which may include associated bookings or customer ID.
2. Confirm original flight details: Use get_flight_info for AA100 to get schedule, departure time, etc.
3. Check change policy: Use search_airline_policy with keyword "change" to review fees and conditions.
4. Once verified, search for alternative later flights from JFK to LAX on the same date (tomorrow), preferring evening.

No booking ID provided yet, so start with verification. Date is "tomorrow" – will determine exact date from booking or flight info. Perform parallel tool calls for efficiency.
</thinking>

<action>
- tool: get_customer_info
  args:
    email: john.smith@email.com
- tool: get_flight_info
  args:
    flight_number: AA100
- tool: search_airline_policy
  args:
    keyword: change
</action>

[human]
Observation:
[get_customer_info] {"id":"C001","name":"John Smith","email":"john.smith@email.com","phone":"+1-555-0123","frequent_flyer_tier":"gold","booking_ids":["BK001","BK002"]}

Observation:
[get_flight_info] {"flight_number":"AA100","origin":"JFK","destination":"LAX","departure_time":"2025-02-15T08:00:00Z","arrival_time":"2025-02-15T11:30:00Z","aircraft":"Boeing 777","status":"scheduled","available_seats":45,"economy_price":299,"business_price":899,"first_class_price":1599}

Observation:
[search_airline_policy] [{"title":"Flight Change and Rescheduling Policy","content":"Customers may change or reschedule their flights subject to the following:\n- Changes made 24+ hours before departure: $50 change fee for economy, free for business/first class\n- Changes made within 24 hours: $150 change fee for economy, $75 for business, free for first class\n- Gold and Platinum frequent flyers receive one free change per booking\n- Fare difference applies if new flight is more expensive\n- If new flight is cheaper, difference is provided as travel credit"},{"title":"Frequent Flyer Benefits","content":"Tier benefits:\n- Bronze: Priority boarding, 10% bonus miles\n- Silver: Priority boarding, lounge access on international, 25% bonus miles\n- Gold: Free seat selection, 1 free change/cancellation, lounge access, 50% bonus miles\n- Platinum: All Gold benefits plus free upgrades when available, 100% bonus miles"}]


--- Iteration 2 ---
[ai]
<thinking>
Customer verified: C001, Gold tier (eligible for 1 free change). Flight AA100 departs 2025-02-15 at 08:00Z (early morning). Customer has two bookings: BK001 and BK002 – need to check which is for AA100.

Policy: Gold gets free change. Assuming >24h notice (tomorrow morning, current time implied before), fee $0.

Date confirmed: 2025-02-15.

Next:
- Retrieve details for both bookings to identify the correct one (likely includes flight number).
- Search for alternative flights JFK-LAX on 2025-02-15, later than 08:00, prefer evening.
Once identified, check seats if needed, inform customer of options/fees, then reschedule.
</thinking>

<action>
- tool: get_booking_info
  args:
    booking_id: BK001
- tool: get_booking_info
  args:
    booking_id: BK002
- tool: search_flight_schedule
  args:
    origin: JFK
    destination: LAX
    date: 2025-02-15
</action>

[human]
Observation:
[get_booking_info] {"booking_id":"BK001","customer_id":"C001","flight_number":"AA100","seat_number":"12A","class":"economy","status":"confirmed","booking_date":"2025-01-10T00:00:00Z","total_price":299,"meal_preference":"vegetarian"}

Observation:
[get_booking_info] {"booking_id":"BK002","customer_id":"C001","flight_number":"AA200","seat_number":"3C","class":"business","status":"confirmed","booking_date":"2025-01-12T00:00:00Z","total_price":799,"meal_preference":"regular"}

Error:
search_flight_schedule: schema validation failed: jsonschema validation failed with 'file:///home/ricky/Personal/gent/integrationtest/airline/schema.json#'
- at '/date': invalid jsonType time.Time


--- Iteration 3 ---
[ai]
<thinking>
Booking confirmed: BK001 for AA100 (economy, 12A, vegetarian), departs 2025-02-15 08:00Z. Customer Gold tier: free change eligible. No fare difference info yet.

search_flight_schedule failed due to schema validation on 'date' field (invalid jsonType time.Time). Schema specifies string YYYY-MM-DD, but backend may expect ISO datetime. Analyze: try passing date as full ISO string "2025-02-15T00:00:00Z" to match time.Time expectation.

Once alternatives found, select evening flight (e.g., after 18:00), check seats in economy, inform $0 fee (Gold benefit), propose to customer implicitly by selecting best, then reschedule and notify.

Retry search with adjusted date format. Also, check seat availability on original for reference.
</thinking>

<action>
- tool: search_flight_schedule
  args:
    origin: JFK
    destination: LAX
    date: "2025-02-15T00:00:00Z"
- tool: get_flight_seats_info
  args:
    flight_number: AA100
    class: economy
    available_only: true
</action>

[human]
Error:
search_flight_schedule: invalid date format, use YYYY-MM-DD: parsing time "2025-02-15T00:00:00Z": extra text: "T00:00:00Z"

Observation:
[get_flight_seats_info] [{"seat_number":"10A","class":"economy","is_available":true,"is_window":true,"is_aisle":false,"has_extra_legroom":false},{"seat_number":"10B","class":"economy","is_available":true,"is_window":false,"is_aisle":false,"has_extra_legroom":false},{"seat_number":"15A","class":"economy","is_available":true,"is_window":true,"is_aisle":false,"has_extra_legroom":true},{"seat_number":"15C","class":"economy","is_available":true,"is_window":false,"is_aisle":true,"has_extra_legroom":true}]


--- Iteration 4 ---
[ai]
<thinking>
Search continues to fail despite correct format (YYYY-MM-DD) – possible tool issue with date 2025-02-15 or internal parsing to time.Time. Alternative approach: Retrieve info on known flight AA200 from customer's other booking, as it may be a later flight on same route/day. Check its schedule, seats in economy.

If suitable (evening), propose it. Original has available economy seats, but not relevant.

Once have a suitable flight, inform of $0 fee, reschedule BK001 to it (same class economy), send notification.

Call tools for AA200 details.
</thinking>

<action>
- tool: get_flight_info
  args:
    flight_number: AA200
- tool: get_flight_seats_info
  args:
    flight_number: AA200
    class: economy
    available_only: true
- tool: search_flight_schedule
  args:
    origin: JFK
    destination: LAX
    date: 2025-02-15
</action>

[human]
Observation:
[get_flight_info] {"flight_number":"AA200","origin":"JFK","destination":"LAX","departure_time":"2025-02-16T09:00:00Z","arrival_time":"2025-02-16T12:30:00Z","aircraft":"Boeing 777","status":"scheduled","available_seats":89,"economy_price":269,"business_price":799,"first_class_price":1399}

Error:
get_flight_seats_info: no seat data for flight: AA200

Error:
search_flight_schedule: schema validation failed: jsonschema validation failed with 'file:///home/ricky/Personal/gent/integrationtest/airline/schema.json#'
- at '/date': invalid jsonType time.Time


--- Iteration 5 ---
[ai]
<answer>
Hello John Smith,

Thank you for contacting SkyWings Airlines customer service. I've verified your identity and details using your email (john.smith@email.com). You have booking **BK001** for flight **AA100** from **JFK to LAX** departing **February 15, 2025, at 08:00 UTC** (your seat: 12A, economy class, vegetarian meal, total $299).

Great news: As a **Gold frequent flyer member**, you're eligible for **one free change per booking** with no change fee. Any fare difference will apply if the new flight costs more (credit if less).

I attempted to search for later flights on the same day (2025-02-15), preferring evening options, but encountered a technical issue retrieving the full schedule.

To proceed with rescheduling:
- Please reply with your preferred **new flight number** (e.g., AA150 or another evening flight from JFK to LAX on 2025-02-15), and optionally a seat preference.
- I'll check availability, confirm details/no fees, and complete the change right away.

If you'd like options for the next day or different dates, let me know!

Best regards,
SkyWings Customer Service
Reference: C001 / BK001
</answer>

================================================================================
ALL TRACE EVENTS
================================================================================

[1] IterationStart: iteration=1

[2] ModelCall: model=grok-4-1-fast, input=1338, output=244, duration=16.293750253s

[3] ToolCall: tool=get_customer_info, duration=33.369µs
          input=map[email:john.smith@email.com]
          output={"id":"C001","name":"John Smith","email":"john.smith@email.com","phone":"+1-555-0123","frequent_flyer_tier":"gold","booking_ids":["BK001","BK002"]}

[4] ToolCall: tool=get_flight_info, duration=32.569µs
          input=map[flight_number:AA100]
          output={"flight_number":"AA100","origin":"JFK","destination":"LAX","departure_time":"2025-02-15T08:00:00Z","arrival_time":"2025-02-15T11:30:00Z","aircraft":"Boeing 777","status":"scheduled","available_seats"...

[5] ToolCall: tool=search_airline_policy, duration=23.099µs
          input=map[keyword:change]
          output=[{"title":"Flight Change and Rescheduling Policy","content":"Customers may change or reschedule their flights subject to the following:\n- Changes made 24+ hours before departure: $50 change fee for e...

[6] IterationEnd: iteration=1, action=c, duration=16.294465925s

[7] IterationStart: iteration=2

[8] ModelCall: model=grok-4-1-fast, input=2745, output=241, duration=8.474869072s

[9] ToolCall: tool=get_booking_info, duration=47.948µs
          input=map[booking_id:BK001]
          output={"booking_id":"BK001","customer_id":"C001","flight_number":"AA100","seat_number":"12A","class":"economy","status":"confirmed","booking_date":"2025-01-10T00:00:00Z","total_price":299,"meal_preference":...

[10] ToolCall: tool=get_booking_info, duration=5.39µs
          input=map[booking_id:BK002]
          output={"booking_id":"BK002","customer_id":"C001","flight_number":"AA200","seat_number":"3C","class":"business","status":"confirmed","booking_date":"2025-01-12T00:00:00Z","total_price":799,"meal_preference":...

[11] ToolCall: tool=search_flight_schedule, duration=0s
          input=map[date:2025-02-15 00:00:00 +0000 UTC destination:LAX origin:JFK]
          output=null
          error=schema validation failed: jsonschema validation failed with 'file:///home/ricky/Personal/gent/integrationtest/airline/schema.json#'
- at '/date': invalid jsonType time.Time

[12] IterationEnd: iteration=2, action=c, duration=8.476016053s

[13] IterationStart: iteration=3

[14] ModelCall: model=grok-4-1-fast, input=3499, output=254, duration=30.807536781s

[15] ToolCall: tool=search_flight_schedule, duration=43.179µs
          input=map[date:2025-02-15T00:00:00Z destination:LAX origin:JFK]
          output=null
          error=invalid date format, use YYYY-MM-DD: parsing time "2025-02-15T00:00:00Z": extra text: "T00:00:00Z"

[16] ToolCall: tool=get_flight_seats_info, duration=28.579µs
          input=map[available_only:true class:economy flight_number:AA100]
          output=[{"seat_number":"10A","class":"economy","is_available":true,"is_window":true,"is_aisle":false,"has_extra_legroom":false},{"seat_number":"10B","class":"economy","is_available":true,"is_window":false,"i...

[17] IterationEnd: iteration=3, action=c, duration=30.808149895s

[18] IterationStart: iteration=4

[19] ModelCall: model=grok-4-1-fast, input=5561, output=213, duration=9.830449007s

[20] ToolCall: tool=get_flight_info, duration=34.529µs
          input=map[flight_number:AA200]
          output={"flight_number":"AA200","origin":"JFK","destination":"LAX","departure_time":"2025-02-16T09:00:00Z","arrival_time":"2025-02-16T12:30:00Z","aircraft":"Boeing 777","status":"scheduled","available_seats"...

[21] ToolCall: tool=get_flight_seats_info, duration=15.34µs
          input=map[available_only:true class:economy flight_number:AA200]
          output=null
          error=no seat data for flight: AA200

[22] ToolCall: tool=search_flight_schedule, duration=0s
          input=map[date:2025-02-15 00:00:00 +0000 UTC destination:LAX origin:JFK]
          output=null
          error=schema validation failed: jsonschema validation failed with 'file:///home/ricky/Personal/gent/integrationtest/airline/schema.json#'
- at '/date': invalid jsonType time.Time

[23] IterationEnd: iteration=4, action=c, duration=9.831643978s

[24] IterationStart: iteration=5

[25] ModelCall: model=grok-4-1-fast, input=6695, output=267, duration=10.110597701s

[26] IterationEnd: iteration=5, action=t, duration=10.111585107s

================================================================================
TEST COMPLETE
================================================================================
--- PASS: TestRescheduleScenario (75.52s)
PASS
ok  	github.com/rickchristie/gent/integrationtest/airline	75.532s
