Running tool: /home/ricky/.gobrew/current/go/bin/go test -test.fullpath=true -timeout 15m -run ^TestRescheduleScenario$ github.com/rickchristie/gent/integrationtest/airline -v

=== RUN   TestRescheduleScenario
================================================================================
AIRLINE RESCHEDULE SCENARIO - INTEGRATION TEST
================================================================================


>>> [BeforeExecution]: 2026-01-19 04:20:37.925
================================================================================
EXECUTION STARTED
================================================================================
Name: main

Original Input:
  Hi, I'm John Smith and my email is john.smith@email.com.
I have a flight booked for tomorrow (flight AA100 from JFK to LAX) but my meeting is running late.
Can you help me reschedule to a later flight on the same day? I'd prefer an evening flight if possible.

>>> [BeforeIteration 1]: 2026-01-19 04:20:37.925
--------------------------------------------------------------------------------
ITERATION 1 START
--------------------------------------------------------------------------------

>>> [BeforeModelCall: grok-4-1-fast]: 2026-01-19 04:20:37.925
Request:
  [0] Role: system
      Content:
        You are an AI assistant that solves problems using the ReAct (Reasoning and Acting) pattern.

        ## How ReAct Works

        You will solve problems through a cycle of:
        1. **Think**: Analyze the current situation, reason about what you know, and decide what to do next.
        2. **Act**: Take an action by calling one of the available tools.
        3. **Observe**: Review the results of your action.

        Repeat this cycle until you have enough information to provide a final answer.

        ## Important Guidelines

        - Always think before acting. Explain your reasoning clearly.
        - Use tools to gather information. Don't make up facts.
        - If a tool call fails, analyze the error and try a different approach.
        - When you have sufficient information to answer, provide your final response.
        - Be concise but thorough in your reasoning.


        ## Task Description

        You are a helpful airline customer service agent for SkyWings Airlines.
        Your role is to assist customers with their flight bookings, including checking flight information,
        rescheduling flights, and answering policy questions.

        Today is {{.Time.Today}} ({{.Time.Weekday}}).

        Always be polite and professional. When rescheduling, make sure to:
        1. Verify the customer's identity and booking
        2. Check the airline's change policy
        3. Search for available alternative flights
        4. Inform the customer of any fees before making changes
        5. Confirm the change and provide updated booking details



        ## Available Tools

        Call tools using YAML format:
        tool: tool_name
        args:
          param: value

        For multiple parallel calls, use a list:
        - tool: tool1
          args:
            param: value
        - tool: tool2
          args:
            param: value

        Available tools:

        - get_customer_info: Retrieve customer information by customer ID or email address
          Parameters:
            properties:
                customer_id:
                    description: The customer's unique ID (e.g., C001)
                    type: string
                email:
                    description: The customer's email address
                    type: string
            type: object

        - get_booking_info: Retrieve booking details by booking ID
          Parameters:
            properties:
                booking_id:
                    description: The booking reference ID (e.g., BK001)
                    type: string
            required:
                - booking_id
            type: object

        - get_flight_info: Retrieve flight information by flight number
          Parameters:
            properties:
                flight_number:
                    description: The flight number (e.g., AA100)
                    type: string
            required:
                - flight_number
            type: object

        - get_flight_seats_info: Retrieve seat availability and details for a specific flight
          Parameters:
            properties:
                available_only:
                    description: If true, only return available seats
                    type: boolean
                class:
                    description: 'Filter by class: economy, business, or first (optional)'
                    type: string
                flight_number:
                    description: The flight number (e.g., AA100)
                    type: string
            required:
                - flight_number
            type: object

        - search_airline_policy: Search airline policies by keyword (e.g., 'cancellation', 'baggage', 'change')
          Parameters:
            properties:
                keyword:
                    description: Keyword to search for in policy titles and content
                    type: string
            required:
                - keyword
            type: object

        - search_flight_schedule: Search for available flights between two airports on a specific date
          Parameters:
            properties:
                date:
                    description: Travel date in YYYY-MM-DD format
                    type: string
                destination:
                    description: Destination airport code (e.g., LAX)
                    type: string
                origin:
                    description: Origin airport code (e.g., JFK)
                    type: string
            required:
                - origin
                - destination
                - date
            type: object

        - reschedule_booking: Reschedule an existing booking to a different flight
          Parameters:
            properties:
                booking_id:
                    description: The booking ID to reschedule
                    type: string
                new_flight_number:
                    description: The new flight number to reschedule to
                    type: string
                new_seat_number:
                    description: The desired seat on the new flight (optional)
                    type: string
            required:
                - booking_id
                - new_flight_number
            type: object

        - cancel_booking: Cancel an existing booking and process refund
          Parameters:
            properties:
                booking_id:
                    description: The booking ID to cancel
                    type: string
                reason:
                    description: Reason for cancellation
                    type: string
            required:
                - booking_id
            type: object

        - send_notification: Send email or SMS notification to customer about booking changes
          Parameters:
            properties:
                customer_id:
                    description: Customer ID to notify
                    type: string
                message:
                    description: The notification message content
                    type: string
                method:
                    description: 'Notification method: email or sms'
                    enum:
                        - email
                        - sms
                    type: string
                subject:
                    description: Subject of the notification
                    type: string
            required:
                - customer_id
                - method
                - message
            type: object



        ## Output Format

        Format your response using XML-style tags for each section:

        <thinking>
        ... thinking content here ...
        </thinking>

        <action>
        ... action content here ...
        </action>

        <answer>
        ... answer content here ...
        </answer>



  [1] Role: human
      Content:
        Hi, I'm John Smith and my email is john.smith@email.com.
        I have a flight booked for tomorrow (flight AA100 from JFK to LAX) but my meeting is running late.
        Can you help me reschedule to a later flight on the same day? I'd prefer an evening flight if possible.

>>> [AfterModelCall: grok-4-1-fast (duration: 23.475713452s)]: 2026-01-19 04:21:01.401
Choice[0]:
  Content:
    <thinking>
    The customer is John Smith with email john.smith@email.com, requesting to reschedule flight AA100 from JFK to LAX tomorrow to a later evening flight on the same day. Following the rescheduling steps:

    1. Verify identity and booking: Use get_customer_info with email to retrieve customer details, likely including customer ID and associated bookings/booking ID.
    2. Check change policy: Search airline policy for 'change' to confirm fees and conditions.
    3. Need original flight details: Get flight_info for AA100 to know departure time, origin/destination confirmation, and tomorrow's date implicitly.
    4. Once booking ID and original date/time confirmed, search for alternative later flights (evening) on same route and date.

    Parallel tool calls for efficiency: get_customer_info, get_flight_info for AA100, and search_airline_policy. After observing results, confirm booking ID/date, then search schedules for later flights (e.g., evening after AA100 departure).
    No date specified numerically, but "tomorrow" relative to {{.Time.Today}}; will derive from booking or flight info next.
    Be polite/professional in final response.
    </thinking>

    <action>
    - tool: get_customer_info
      args:
        email: john.smith@email.com
    - tool: get_flight_info
      args:
        flight_number: AA100
    - tool: search_airline_policy
      args:
        keyword: change
    </action>
  StopReason: stop
Tokens: input=1356, output=294, total=3092

>>> [BeforeToolCall: get_customer_info]: 2026-01-19 04:21:01.401
Args:
email: john.smith@email.com

>>> [AfterToolCall: get_customer_info (duration: 47.9µs)]: 2026-01-19 04:21:01.401
Output:
id: C001
name: John Smith
email: john.smith@email.com
phone: +1-555-0123
frequentflyer: gold
bookingids:
    - BK001
    - BK002

>>> [BeforeToolCall: get_flight_info]: 2026-01-19 04:21:01.401
Args:
flight_number: AA100

>>> [AfterToolCall: get_flight_info (duration: 90.76µs)]: 2026-01-19 04:21:01.401
Output:
flightnumber: AA100
origin: JFK
destination: LAX
departuretime: 2026-01-20T08:00:00Z
arrivaltime: 2026-01-20T11:30:00Z
aircraft: Boeing 777
status: scheduled
availableseats: 45
economyprice: 299
businessprice: 899
firstclassprice: 1599

>>> [BeforeToolCall: search_airline_policy]: 2026-01-19 04:21:01.402
Args:
keyword: change

>>> [AfterToolCall: search_airline_policy (duration: 34.81µs)]: 2026-01-19 04:21:01.402
Output:
- title: Flight Change and Rescheduling Policy
  content: |-
    Customers may change or reschedule their flights subject to the following:
    - Changes made 24+ hours before departure: $50 change fee for economy, free for business/first class
    - Changes made within 24 hours: $150 change fee for economy, $75 for business, free for first class
    - Gold and Platinum frequent flyers receive one free change per booking
    - Fare difference applies if new flight is more expensive
    - If new flight is cheaper, difference is provided as travel credit
- title: Frequent Flyer Benefits
  content: |-
    Tier benefits:
    - Bronze: Priority boarding, 10% bonus miles
    - Silver: Priority boarding, lounge access on international, 25% bonus miles
    - Gold: Free seat selection, 1 free change/cancellation, lounge access, 50% bonus miles
    - Platinum: All Gold benefits plus free upgrades when available, 100% bonus miles

>>> [AfterIteration 1]: 2026-01-19 04:21:01.402
--------------------------------------------------------------------------------
ITERATION 1 END
--------------------------------------------------------------------------------
Duration: 23.476951853s

AgentLoopResult:
action: c
next_prompt: |-
    Observation:
    [get_customer_info] {"id":"C001","name":"John Smith","email":"john.smith@email.com","phone":"+1-555-0123","frequent_flyer_tier":"gold","booking_ids":["BK001","BK002"]}

    Observation:
    [get_flight_info] {"flight_number":"AA100","origin":"JFK","destination":"LAX","departure_time":"2026-01-20T08:00:00Z","arrival_time":"2026-01-20T11:30:00Z","aircraft":"Boeing 777","status":"scheduled","available_seats":45,"economy_price":299,"business_price":899,"first_class_price":1599}

    Observation:
    [search_airline_policy] [{"title":"Flight Change and Rescheduling Policy","content":"Customers may change or reschedule their flights subject to the following:\n- Changes made 24+ hours before departure: $50 change fee for economy, free for business/first class\n- Changes made within 24 hours: $150 change fee for economy, $75 for business, free for first class\n- Gold and Platinum frequent flyers receive one free change per booking\n- Fare difference applies if new flight is more expensive\n- If new flight is cheaper, difference is provided as travel credit"},{"title":"Frequent Flyer Benefits","content":"Tier benefits:\n- Bronze: Priority boarding, 10% bonus miles\n- Silver: Priority boarding, lounge access on international, 25% bonus miles\n- Gold: Free seat selection, 1 free change/cancellation, lounge access, 50% bonus miles\n- Platinum: All Gold benefits plus free upgrades when available, 100% bonus miles"}]

>>> [BeforeIteration 2]: 2026-01-19 04:21:01.402
--------------------------------------------------------------------------------
ITERATION 2 START
--------------------------------------------------------------------------------

>>> [BeforeModelCall: grok-4-1-fast]: 2026-01-19 04:21:01.402
Request:
  [0] Role: system
      Content:
        You are an AI assistant that solves problems using the ReAct (Reasoning and Acting) pattern.

        ## How ReAct Works

        You will solve problems through a cycle of:
        1. **Think**: Analyze the current situation, reason about what you know, and decide what to do next.
        2. **Act**: Take an action by calling one of the available tools.
        3. **Observe**: Review the results of your action.

        Repeat this cycle until you have enough information to provide a final answer.

        ## Important Guidelines

        - Always think before acting. Explain your reasoning clearly.
        - Use tools to gather information. Don't make up facts.
        - If a tool call fails, analyze the error and try a different approach.
        - When you have sufficient information to answer, provide your final response.
        - Be concise but thorough in your reasoning.


        ## Task Description

        You are a helpful airline customer service agent for SkyWings Airlines.
        Your role is to assist customers with their flight bookings, including checking flight information,
        rescheduling flights, and answering policy questions.

        Today is {{.Time.Today}} ({{.Time.Weekday}}).

        Always be polite and professional. When rescheduling, make sure to:
        1. Verify the customer's identity and booking
        2. Check the airline's change policy
        3. Search for available alternative flights
        4. Inform the customer of any fees before making changes
        5. Confirm the change and provide updated booking details



        ## Available Tools

        Call tools using YAML format:
        tool: tool_name
        args:
          param: value

        For multiple parallel calls, use a list:
        - tool: tool1
          args:
            param: value
        - tool: tool2
          args:
            param: value

        Available tools:

        - get_customer_info: Retrieve customer information by customer ID or email address
          Parameters:
            properties:
                customer_id:
                    description: The customer's unique ID (e.g., C001)
                    type: string
                email:
                    description: The customer's email address
                    type: string
            type: object

        - get_booking_info: Retrieve booking details by booking ID
          Parameters:
            properties:
                booking_id:
                    description: The booking reference ID (e.g., BK001)
                    type: string
            required:
                - booking_id
            type: object

        - get_flight_info: Retrieve flight information by flight number
          Parameters:
            properties:
                flight_number:
                    description: The flight number (e.g., AA100)
                    type: string
            required:
                - flight_number
            type: object

        - get_flight_seats_info: Retrieve seat availability and details for a specific flight
          Parameters:
            properties:
                available_only:
                    description: If true, only return available seats
                    type: boolean
                class:
                    description: 'Filter by class: economy, business, or first (optional)'
                    type: string
                flight_number:
                    description: The flight number (e.g., AA100)
                    type: string
            required:
                - flight_number
            type: object

        - search_airline_policy: Search airline policies by keyword (e.g., 'cancellation', 'baggage', 'change')
          Parameters:
            properties:
                keyword:
                    description: Keyword to search for in policy titles and content
                    type: string
            required:
                - keyword
            type: object

        - search_flight_schedule: Search for available flights between two airports on a specific date
          Parameters:
            properties:
                date:
                    description: Travel date in YYYY-MM-DD format
                    type: string
                destination:
                    description: Destination airport code (e.g., LAX)
                    type: string
                origin:
                    description: Origin airport code (e.g., JFK)
                    type: string
            required:
                - origin
                - destination
                - date
            type: object

        - reschedule_booking: Reschedule an existing booking to a different flight
          Parameters:
            properties:
                booking_id:
                    description: The booking ID to reschedule
                    type: string
                new_flight_number:
                    description: The new flight number to reschedule to
                    type: string
                new_seat_number:
                    description: The desired seat on the new flight (optional)
                    type: string
            required:
                - booking_id
                - new_flight_number
            type: object

        - cancel_booking: Cancel an existing booking and process refund
          Parameters:
            properties:
                booking_id:
                    description: The booking ID to cancel
                    type: string
                reason:
                    description: Reason for cancellation
                    type: string
            required:
                - booking_id
            type: object

        - send_notification: Send email or SMS notification to customer about booking changes
          Parameters:
            properties:
                customer_id:
                    description: Customer ID to notify
                    type: string
                message:
                    description: The notification message content
                    type: string
                method:
                    description: 'Notification method: email or sms'
                    enum:
                        - email
                        - sms
                    type: string
                subject:
                    description: Subject of the notification
                    type: string
            required:
                - customer_id
                - method
                - message
            type: object



        ## Output Format

        Format your response using XML-style tags for each section:

        <thinking>
        ... thinking content here ...
        </thinking>

        <action>
        ... action content here ...
        </action>

        <answer>
        ... answer content here ...
        </answer>



  [1] Role: human
      Content:
        Hi, I'm John Smith and my email is john.smith@email.com.
        I have a flight booked for tomorrow (flight AA100 from JFK to LAX) but my meeting is running late.
        Can you help me reschedule to a later flight on the same day? I'd prefer an evening flight if possible.
  [2] Role: ai
      Content:
        <thinking>
        The customer is John Smith with email john.smith@email.com, requesting to reschedule flight AA100 from JFK to LAX tomorrow to a later evening flight on the same day. Following the rescheduling steps:

        1. Verify identity and booking: Use get_customer_info with email to retrieve customer details, likely including customer ID and associated bookings/booking ID.
        2. Check change policy: Search airline policy for 'change' to confirm fees and conditions.
        3. Need original flight details: Get flight_info for AA100 to know departure time, origin/destination confirmation, and tomorrow's date implicitly.
        4. Once booking ID and original date/time confirmed, search for alternative later flights (evening) on same route and date.

        Parallel tool calls for efficiency: get_customer_info, get_flight_info for AA100, and search_airline_policy. After observing results, confirm booking ID/date, then search schedules for later flights (e.g., evening after AA100 departure).
        No date specified numerically, but "tomorrow" relative to {{.Time.Today}}; will derive from booking or flight info next.
        Be polite/professional in final response.
        </thinking>

        <action>
        - tool: get_customer_info
          args:
            email: john.smith@email.com
        - tool: get_flight_info
          args:
            flight_number: AA100
        - tool: search_airline_policy
          args:
            keyword: change
        </action>
  [3] Role: human
      Content:
        Observation:
        [get_customer_info] {"id":"C001","name":"John Smith","email":"john.smith@email.com","phone":"+1-555-0123","frequent_flyer_tier":"gold","booking_ids":["BK001","BK002"]}

        Observation:
        [get_flight_info] {"flight_number":"AA100","origin":"JFK","destination":"LAX","departure_time":"2026-01-20T08:00:00Z","arrival_time":"2026-01-20T11:30:00Z","aircraft":"Boeing 777","status":"scheduled","available_seats":45,"economy_price":299,"business_price":899,"first_class_price":1599}

        Observation:
        [search_airline_policy] [{"title":"Flight Change and Rescheduling Policy","content":"Customers may change or reschedule their flights subject to the following:\n- Changes made 24+ hours before departure: $50 change fee for economy, free for business/first class\n- Changes made within 24 hours: $150 change fee for economy, $75 for business, free for first class\n- Gold and Platinum frequent flyers receive one free change per booking\n- Fare difference applies if new flight is more expensive\n- If new flight is cheaper, difference is provided as travel credit"},{"title":"Frequent Flyer Benefits","content":"Tier benefits:\n- Bronze: Priority boarding, 10% bonus miles\n- Silver: Priority boarding, lounge access on international, 25% bonus miles\n- Gold: Free seat selection, 1 free change/cancellation, lounge access, 50% bonus miles\n- Platinum: All Gold benefits plus free upgrades when available, 100% bonus miles"}]

>>> [AfterModelCall: grok-4-1-fast (duration: 10.363816881s)]: 2026-01-19 04:21:11.766
Choice[0]:
  Content:
    <thinking>
    Customer verified: C001, John Smith, gold tier (eligible for 1 free change). Has bookings BK001 and BK002.

    Original flight AA100: Departs 2026-01-20 at 08:00 UTC from JFK to LAX (morning flight). So travel date is 2026-01-20 (tomorrow).

    Policy: Gold tier gets free change. $50 fee otherwise for economy >24hrs, plus fare diff. Since gold and >24hrs, likely free + any fare diff.

    Need to identify which booking is for AA100 on 2026-01-20: Call get_booking_info for both BK001 and BK002.

    Simultaneously, search for alternative flights: Later than 08:00 on 2026-01-20 JFK-LAX, prefer evening (e.g., after ~18:00 UTC would be evening US East, but search all and filter).

    Next steps after: Propose options, check seats, inform fees (likely $0), get confirmation before reschedule.
    </thinking>

    <action>
    - tool: get_booking_info
      args:
        booking_id: BK001
    - tool: get_booking_info
      args:
        booking_id: BK002
    - tool: search_flight_schedule
      args:
        origin: JFK
        destination: LAX
        date: 2026-01-20
    </action>
  StopReason: stop
Tokens: input=3453, output=295, total=4120

>>> [BeforeToolCall: get_booking_info]: 2026-01-19 04:21:11.766
Args:
booking_id: BK001

>>> [AfterToolCall: get_booking_info (duration: 50.549µs)]: 2026-01-19 04:21:11.766
Output:
bookingid: BK001
customerid: C001
flightnumber: AA100
seatnumber: 12A
class: economy
status: confirmed
bookingdate: 2026-01-14T00:00:00Z
totalprice: 299
mealpreference: vegetarian

>>> [BeforeToolCall: get_booking_info]: 2026-01-19 04:21:11.766
Args:
booking_id: BK002

>>> [AfterToolCall: get_booking_info (duration: 6.93µs)]: 2026-01-19 04:21:11.766
Output:
bookingid: BK002
customerid: C001
flightnumber: AA200
seatnumber: 3C
class: business
status: confirmed
bookingdate: 2026-01-16T00:00:00Z
totalprice: 799
mealpreference: regular

>>> [BeforeToolCall: search_flight_schedule]: 2026-01-19 04:21:11.766
Args:
date: "2026-01-20"
destination: LAX
origin: JFK

>>> [AfterToolCall: search_flight_schedule (duration: 25.2µs)]: 2026-01-19 04:21:11.766
Output:
- flightnumber: AA100
  origin: JFK
  destination: LAX
  departuretime: 2026-01-20T08:00:00Z
  arrivaltime: 2026-01-20T11:30:00Z
  aircraft: Boeing 777
  status: scheduled
  availableseats: 45
  economyprice: 299
  businessprice: 899
  firstclassprice: 1599
- flightnumber: AA101
  origin: JFK
  destination: LAX
  departuretime: 2026-01-20T14:00:00Z
  arrivaltime: 2026-01-20T17:30:00Z
  aircraft: Airbus A320
  status: scheduled
  availableseats: 23
  economyprice: 329
  businessprice: 949
  firstclassprice: 1699
- flightnumber: AA102
  origin: JFK
  destination: LAX
  departuretime: 2026-01-20T20:00:00Z
  arrivaltime: 2026-01-20T23:30:00Z
  aircraft: Boeing 787
  status: scheduled
  availableseats: 67
  economyprice: 279
  businessprice: 849
  firstclassprice: 1499

>>> [AfterIteration 2]: 2026-01-19 04:21:11.766
--------------------------------------------------------------------------------
ITERATION 2 END
--------------------------------------------------------------------------------
Duration: 10.364514486s

AgentLoopResult:
action: c
next_prompt: |-
    Observation:
    [get_booking_info] {"booking_id":"BK001","customer_id":"C001","flight_number":"AA100","seat_number":"12A","class":"economy","status":"confirmed","booking_date":"2026-01-14T00:00:00Z","total_price":299,"meal_preference":"vegetarian"}

    Observation:
    [get_booking_info] {"booking_id":"BK002","customer_id":"C001","flight_number":"AA200","seat_number":"3C","class":"business","status":"confirmed","booking_date":"2026-01-16T00:00:00Z","total_price":799,"meal_preference":"regular"}

    Observation:
    [search_flight_schedule] [{"flight_number":"AA100","origin":"JFK","destination":"LAX","departure_time":"2026-01-20T08:00:00Z","arrival_time":"2026-01-20T11:30:00Z","aircraft":"Boeing 777","status":"scheduled","available_seats":45,"economy_price":299,"business_price":899,"first_class_price":1599},{"flight_number":"AA101","origin":"JFK","destination":"LAX","departure_time":"2026-01-20T14:00:00Z","arrival_time":"2026-01-20T17:30:00Z","aircraft":"Airbus A320","status":"scheduled","available_seats":23,"economy_price":329,"business_price":949,"first_class_price":1699},{"flight_number":"AA102","origin":"JFK","destination":"LAX","departure_time":"2026-01-20T20:00:00Z","arrival_time":"2026-01-20T23:30:00Z","aircraft":"Boeing 787","status":"scheduled","available_seats":67,"economy_price":279,"business_price":849,"first_class_price":1499}]

>>> [BeforeIteration 3]: 2026-01-19 04:21:11.766
--------------------------------------------------------------------------------
ITERATION 3 START
--------------------------------------------------------------------------------

>>> [BeforeModelCall: grok-4-1-fast]: 2026-01-19 04:21:11.766
Request:
  [0] Role: system
      Content:
        You are an AI assistant that solves problems using the ReAct (Reasoning and Acting) pattern.

        ## How ReAct Works

        You will solve problems through a cycle of:
        1. **Think**: Analyze the current situation, reason about what you know, and decide what to do next.
        2. **Act**: Take an action by calling one of the available tools.
        3. **Observe**: Review the results of your action.

        Repeat this cycle until you have enough information to provide a final answer.

        ## Important Guidelines

        - Always think before acting. Explain your reasoning clearly.
        - Use tools to gather information. Don't make up facts.
        - If a tool call fails, analyze the error and try a different approach.
        - When you have sufficient information to answer, provide your final response.
        - Be concise but thorough in your reasoning.


        ## Task Description

        You are a helpful airline customer service agent for SkyWings Airlines.
        Your role is to assist customers with their flight bookings, including checking flight information,
        rescheduling flights, and answering policy questions.

        Today is {{.Time.Today}} ({{.Time.Weekday}}).

        Always be polite and professional. When rescheduling, make sure to:
        1. Verify the customer's identity and booking
        2. Check the airline's change policy
        3. Search for available alternative flights
        4. Inform the customer of any fees before making changes
        5. Confirm the change and provide updated booking details



        ## Available Tools

        Call tools using YAML format:
        tool: tool_name
        args:
          param: value

        For multiple parallel calls, use a list:
        - tool: tool1
          args:
            param: value
        - tool: tool2
          args:
            param: value

        Available tools:

        - get_customer_info: Retrieve customer information by customer ID or email address
          Parameters:
            properties:
                customer_id:
                    description: The customer's unique ID (e.g., C001)
                    type: string
                email:
                    description: The customer's email address
                    type: string
            type: object

        - get_booking_info: Retrieve booking details by booking ID
          Parameters:
            properties:
                booking_id:
                    description: The booking reference ID (e.g., BK001)
                    type: string
            required:
                - booking_id
            type: object

        - get_flight_info: Retrieve flight information by flight number
          Parameters:
            properties:
                flight_number:
                    description: The flight number (e.g., AA100)
                    type: string
            required:
                - flight_number
            type: object

        - get_flight_seats_info: Retrieve seat availability and details for a specific flight
          Parameters:
            properties:
                available_only:
                    description: If true, only return available seats
                    type: boolean
                class:
                    description: 'Filter by class: economy, business, or first (optional)'
                    type: string
                flight_number:
                    description: The flight number (e.g., AA100)
                    type: string
            required:
                - flight_number
            type: object

        - search_airline_policy: Search airline policies by keyword (e.g., 'cancellation', 'baggage', 'change')
          Parameters:
            properties:
                keyword:
                    description: Keyword to search for in policy titles and content
                    type: string
            required:
                - keyword
            type: object

        - search_flight_schedule: Search for available flights between two airports on a specific date
          Parameters:
            properties:
                date:
                    description: Travel date in YYYY-MM-DD format
                    type: string
                destination:
                    description: Destination airport code (e.g., LAX)
                    type: string
                origin:
                    description: Origin airport code (e.g., JFK)
                    type: string
            required:
                - origin
                - destination
                - date
            type: object

        - reschedule_booking: Reschedule an existing booking to a different flight
          Parameters:
            properties:
                booking_id:
                    description: The booking ID to reschedule
                    type: string
                new_flight_number:
                    description: The new flight number to reschedule to
                    type: string
                new_seat_number:
                    description: The desired seat on the new flight (optional)
                    type: string
            required:
                - booking_id
                - new_flight_number
            type: object

        - cancel_booking: Cancel an existing booking and process refund
          Parameters:
            properties:
                booking_id:
                    description: The booking ID to cancel
                    type: string
                reason:
                    description: Reason for cancellation
                    type: string
            required:
                - booking_id
            type: object

        - send_notification: Send email or SMS notification to customer about booking changes
          Parameters:
            properties:
                customer_id:
                    description: Customer ID to notify
                    type: string
                message:
                    description: The notification message content
                    type: string
                method:
                    description: 'Notification method: email or sms'
                    enum:
                        - email
                        - sms
                    type: string
                subject:
                    description: Subject of the notification
                    type: string
            required:
                - customer_id
                - method
                - message
            type: object



        ## Output Format

        Format your response using XML-style tags for each section:

        <thinking>
        ... thinking content here ...
        </thinking>

        <action>
        ... action content here ...
        </action>

        <answer>
        ... answer content here ...
        </answer>



  [1] Role: human
      Content:
        Hi, I'm John Smith and my email is john.smith@email.com.
        I have a flight booked for tomorrow (flight AA100 from JFK to LAX) but my meeting is running late.
        Can you help me reschedule to a later flight on the same day? I'd prefer an evening flight if possible.
  [2] Role: ai
      Content:
        <thinking>
        The customer is John Smith with email john.smith@email.com, requesting to reschedule flight AA100 from JFK to LAX tomorrow to a later evening flight on the same day. Following the rescheduling steps:

        1. Verify identity and booking: Use get_customer_info with email to retrieve customer details, likely including customer ID and associated bookings/booking ID.
        2. Check change policy: Search airline policy for 'change' to confirm fees and conditions.
        3. Need original flight details: Get flight_info for AA100 to know departure time, origin/destination confirmation, and tomorrow's date implicitly.
        4. Once booking ID and original date/time confirmed, search for alternative later flights (evening) on same route and date.

        Parallel tool calls for efficiency: get_customer_info, get_flight_info for AA100, and search_airline_policy. After observing results, confirm booking ID/date, then search schedules for later flights (e.g., evening after AA100 departure).
        No date specified numerically, but "tomorrow" relative to {{.Time.Today}}; will derive from booking or flight info next.
        Be polite/professional in final response.
        </thinking>

        <action>
        - tool: get_customer_info
          args:
            email: john.smith@email.com
        - tool: get_flight_info
          args:
            flight_number: AA100
        - tool: search_airline_policy
          args:
            keyword: change
        </action>
  [3] Role: human
      Content:
        Observation:
        [get_customer_info] {"id":"C001","name":"John Smith","email":"john.smith@email.com","phone":"+1-555-0123","frequent_flyer_tier":"gold","booking_ids":["BK001","BK002"]}

        Observation:
        [get_flight_info] {"flight_number":"AA100","origin":"JFK","destination":"LAX","departure_time":"2026-01-20T08:00:00Z","arrival_time":"2026-01-20T11:30:00Z","aircraft":"Boeing 777","status":"scheduled","available_seats":45,"economy_price":299,"business_price":899,"first_class_price":1599}

        Observation:
        [search_airline_policy] [{"title":"Flight Change and Rescheduling Policy","content":"Customers may change or reschedule their flights subject to the following:\n- Changes made 24+ hours before departure: $50 change fee for economy, free for business/first class\n- Changes made within 24 hours: $150 change fee for economy, $75 for business, free for first class\n- Gold and Platinum frequent flyers receive one free change per booking\n- Fare difference applies if new flight is more expensive\n- If new flight is cheaper, difference is provided as travel credit"},{"title":"Frequent Flyer Benefits","content":"Tier benefits:\n- Bronze: Priority boarding, 10% bonus miles\n- Silver: Priority boarding, lounge access on international, 25% bonus miles\n- Gold: Free seat selection, 1 free change/cancellation, lounge access, 50% bonus miles\n- Platinum: All Gold benefits plus free upgrades when available, 100% bonus miles"}]
  [4] Role: ai
      Content:
        <thinking>
        Customer verified: C001, John Smith, gold tier (eligible for 1 free change). Has bookings BK001 and BK002.

        Original flight AA100: Departs 2026-01-20 at 08:00 UTC from JFK to LAX (morning flight). So travel date is 2026-01-20 (tomorrow).

        Policy: Gold tier gets free change. $50 fee otherwise for economy >24hrs, plus fare diff. Since gold and >24hrs, likely free + any fare diff.

        Need to identify which booking is for AA100 on 2026-01-20: Call get_booking_info for both BK001 and BK002.

        Simultaneously, search for alternative flights: Later than 08:00 on 2026-01-20 JFK-LAX, prefer evening (e.g., after ~18:00 UTC would be evening US East, but search all and filter).

        Next steps after: Propose options, check seats, inform fees (likely $0), get confirmation before reschedule.
        </thinking>

        <action>
        - tool: get_booking_info
          args:
            booking_id: BK001
        - tool: get_booking_info
          args:
            booking_id: BK002
        - tool: search_flight_schedule
          args:
            origin: JFK
            destination: LAX
            date: 2026-01-20
        </action>
  [5] Role: human
      Content:
        Observation:
        [get_booking_info] {"booking_id":"BK001","customer_id":"C001","flight_number":"AA100","seat_number":"12A","class":"economy","status":"confirmed","booking_date":"2026-01-14T00:00:00Z","total_price":299,"meal_preference":"vegetarian"}

        Observation:
        [get_booking_info] {"booking_id":"BK002","customer_id":"C001","flight_number":"AA200","seat_number":"3C","class":"business","status":"confirmed","booking_date":"2026-01-16T00:00:00Z","total_price":799,"meal_preference":"regular"}

        Observation:
        [search_flight_schedule] [{"flight_number":"AA100","origin":"JFK","destination":"LAX","departure_time":"2026-01-20T08:00:00Z","arrival_time":"2026-01-20T11:30:00Z","aircraft":"Boeing 777","status":"scheduled","available_seats":45,"economy_price":299,"business_price":899,"first_class_price":1599},{"flight_number":"AA101","origin":"JFK","destination":"LAX","departure_time":"2026-01-20T14:00:00Z","arrival_time":"2026-01-20T17:30:00Z","aircraft":"Airbus A320","status":"scheduled","available_seats":23,"economy_price":329,"business_price":949,"first_class_price":1699},{"flight_number":"AA102","origin":"JFK","destination":"LAX","departure_time":"2026-01-20T20:00:00Z","arrival_time":"2026-01-20T23:30:00Z","aircraft":"Boeing 787","status":"scheduled","available_seats":67,"economy_price":279,"business_price":849,"first_class_price":1499}]

>>> [AfterModelCall: grok-4-1-fast (duration: 20.577550634s)]: 2026-01-19 04:21:32.344
Choice[0]:
  Content:
    <thinking>
    Booking confirmed: BK001 for AA100 economy seat 12A, price $299, vegetarian meal.

    Alternatives later same day:
    - AA101: 14:00 UTC dep, economy $329 (fare increase $30)
    - AA102: 20:00 UTC dep (evening), economy $279 (cheaper, $20 credit)

    Customer gold tier: Free change. >24hrs notice. Recommend AA102 as evening preference, cheaper.

    Sufficient info: Verified customer/booking, policy (free change + fare diff/credit), alternatives found.

    Final response: Politely confirm details, explain policy/fees ($0 + credit), propose AA102 (try similar seat if avail), provide updated details if confirmed. Since interactive, offer to proceed and call reschedule tool after implicit confirm, but provide answer now. No need for more tools unless specific seat check.
    </thinking>

    <answer>
    Hello John Smith, thank you for contacting SkyWings Airlines customer service. I've verified your details (Customer ID: C001, email: john.smith@email.com) and your booking BK001 for flight AA100 from JFK to LAX on 2026-01-20 at 08:00 UTC (seat 12A, economy, $299 total).

    Per our Flight Change Policy, as a Gold frequent flyer, you qualify for **one free change per booking**. Since this request is more than 24 hours before departure, there is **no change fee**. For the new flight:
    - If more expensive, you'll pay the fare difference.
    - If cheaper, you'll receive the difference as travel credit.

    Available later flights on 2026-01-20 JFK-LAX:
    - **AA101**: Departs 14:00 UTC, arrives 17:30 UTC, economy $329 (+$30 fare difference).
    - **AA102** (recommended evening option): Departs 20:00 UTC, arrives 23:30 UTC, economy $279 (**-$20 travel credit**), 67 seats available.

    AA102 perfectly matches your preference for an evening flight and is cheaper than your original.

    Would you like me to reschedule BK001 to AA102 (we'll try to assign a similar window seat like 12A if available in economy, or the best available)? Please confirm, or let me know if you'd prefer AA101, a different seat/class, or another option. Once confirmed, I'll process it immediately and send you updated details.

    Thank you for flying SkyWings!
    </answer>
  StopReason: stop
Tokens: input=4534, output=512, total=5825

>>> [AfterIteration 3]: 2026-01-19 04:21:32.344
--------------------------------------------------------------------------------
ITERATION 3 END
--------------------------------------------------------------------------------
Duration: 20.57800834s

AgentLoopResult:
action: t
result:
    - |-
      Hello John Smith, thank you for contacting SkyWings Airlines customer service. I've verified your details (Customer ID: C001, email: john.smith@email.com) and your booking BK001 for flight AA100 from JFK to LAX on 2026-01-20 at 08:00 UTC (seat 12A, economy, $299 total).

      Per our Flight Change Policy, as a Gold frequent flyer, you qualify for **one free change per booking**. Since this request is more than 24 hours before departure, there is **no change fee**. For the new flight:
      - If more expensive, you'll pay the fare difference.
      - If cheaper, you'll receive the difference as travel credit.

      Available later flights on 2026-01-20 JFK-LAX:
      - **AA101**: Departs 14:00 UTC, arrives 17:30 UTC, economy $329 (+$30 fare difference).
      - **AA102** (recommended evening option): Departs 20:00 UTC, arrives 23:30 UTC, economy $279 (**-$20 travel credit**), 67 seats available.

      AA102 perfectly matches your preference for an evening flight and is cheaper than your original.

      Would you like me to reschedule BK001 to AA102 (we'll try to assign a similar window seat like 12A if available in economy, or the best available)? Please confirm, or let me know if you'd prefer AA101, a different seat/class, or another option. Once confirmed, I'll process it immediately and send you updated details.

      Thank you for flying SkyWings!

>>> [AfterExecution]: 2026-01-19 04:21:32.344
================================================================================
EXECUTION COMPLETED
================================================================================
termination_reason: success

Stats:
input_tokens_by_model:
    grok-4-1-fast: 9343
output_tokens_by_model:
    grok-4-1-fast: 1101
tool_calls_by_name:
    get_booking_info: 2
    get_customer_info: 1
    get_flight_info: 1
    search_airline_policy: 1
    search_flight_schedule: 1
total_cost: 0
total_input_tokens: 9343
total_iterations: 3
total_output_tokens: 1101
total_tool_calls: 6

================================================================================
FINAL SUMMARY
================================================================================

Final Response to Customer:
----------------------------------------
Hello John Smith, thank you for contacting SkyWings Airlines customer service. I've verified your details (Customer ID: C001, email: john.smith@email.com) and your booking BK001 for flight AA100 from JFK to LAX on 2026-01-20 at 08:00 UTC (seat 12A, economy, $299 total).

Per our Flight Change Policy, as a Gold frequent flyer, you qualify for **one free change per booking**. Since this request is more than 24 hours before departure, there is **no change fee**. For the new flight:
- If more expensive, you'll pay the fare difference.
- If cheaper, you'll receive the difference as travel credit.

Available later flights on 2026-01-20 JFK-LAX:
- **AA101**: Departs 14:00 UTC, arrives 17:30 UTC, economy $329 (+$30 fare difference).
- **AA102** (recommended evening option): Departs 20:00 UTC, arrives 23:30 UTC, economy $279 (**-$20 travel credit**), 67 seats available.

AA102 perfectly matches your preference for an evening flight and is cheaper than your original.

Would you like me to reschedule BK001 to AA102 (we'll try to assign a similar window seat like 12A if available in economy, or the best available)? Please confirm, or let me know if you'd prefer AA101, a different seat/class, or another option. Once confirmed, I'll process it immediately and send you updated details.

Thank you for flying SkyWings!
----------------------------------------

================================================================================
FULL ITERATION HISTORY
================================================================================

--- Iteration 1 ---
[ai]
<thinking>
The customer is John Smith with email john.smith@email.com, requesting to reschedule flight AA100 from JFK to LAX tomorrow to a later evening flight on the same day. Following the rescheduling steps:

1. Verify identity and booking: Use get_customer_info with email to retrieve customer details, likely including customer ID and associated bookings/booking ID.
2. Check change policy: Search airline policy for 'change' to confirm fees and conditions.
3. Need original flight details: Get flight_info for AA100 to know departure time, origin/destination confirmation, and tomorrow's date implicitly.
4. Once booking ID and original date/time confirmed, search for alternative later flights (evening) on same route and date.

Parallel tool calls for efficiency: get_customer_info, get_flight_info for AA100, and search_airline_policy. After observing results, confirm booking ID/date, then search schedules for later flights (e.g., evening after AA100 departure).
No date specified numerically, but "tomorrow" relative to {{.Time.Today}}; will derive from booking or flight info next.
Be polite/professional in final response.
</thinking>

<action>
- tool: get_customer_info
  args:
    email: john.smith@email.com
- tool: get_flight_info
  args:
    flight_number: AA100
- tool: search_airline_policy
  args:
    keyword: change
</action>

[human]
Observation:
[get_customer_info] {"id":"C001","name":"John Smith","email":"john.smith@email.com","phone":"+1-555-0123","frequent_flyer_tier":"gold","booking_ids":["BK001","BK002"]}

Observation:
[get_flight_info] {"flight_number":"AA100","origin":"JFK","destination":"LAX","departure_time":"2026-01-20T08:00:00Z","arrival_time":"2026-01-20T11:30:00Z","aircraft":"Boeing 777","status":"scheduled","available_seats":45,"economy_price":299,"business_price":899,"first_class_price":1599}

Observation:
[search_airline_policy] [{"title":"Flight Change and Rescheduling Policy","content":"Customers may change or reschedule their flights subject to the following:\n- Changes made 24+ hours before departure: $50 change fee for economy, free for business/first class\n- Changes made within 24 hours: $150 change fee for economy, $75 for business, free for first class\n- Gold and Platinum frequent flyers receive one free change per booking\n- Fare difference applies if new flight is more expensive\n- If new flight is cheaper, difference is provided as travel credit"},{"title":"Frequent Flyer Benefits","content":"Tier benefits:\n- Bronze: Priority boarding, 10% bonus miles\n- Silver: Priority boarding, lounge access on international, 25% bonus miles\n- Gold: Free seat selection, 1 free change/cancellation, lounge access, 50% bonus miles\n- Platinum: All Gold benefits plus free upgrades when available, 100% bonus miles"}]


--- Iteration 2 ---
[ai]
<thinking>
Customer verified: C001, John Smith, gold tier (eligible for 1 free change). Has bookings BK001 and BK002.

Original flight AA100: Departs 2026-01-20 at 08:00 UTC from JFK to LAX (morning flight). So travel date is 2026-01-20 (tomorrow).

Policy: Gold tier gets free change. $50 fee otherwise for economy >24hrs, plus fare diff. Since gold and >24hrs, likely free + any fare diff.

Need to identify which booking is for AA100 on 2026-01-20: Call get_booking_info for both BK001 and BK002.

Simultaneously, search for alternative flights: Later than 08:00 on 2026-01-20 JFK-LAX, prefer evening (e.g., after ~18:00 UTC would be evening US East, but search all and filter).

Next steps after: Propose options, check seats, inform fees (likely $0), get confirmation before reschedule.
</thinking>

<action>
- tool: get_booking_info
  args:
    booking_id: BK001
- tool: get_booking_info
  args:
    booking_id: BK002
- tool: search_flight_schedule
  args:
    origin: JFK
    destination: LAX
    date: 2026-01-20
</action>

[human]
Observation:
[get_booking_info] {"booking_id":"BK001","customer_id":"C001","flight_number":"AA100","seat_number":"12A","class":"economy","status":"confirmed","booking_date":"2026-01-14T00:00:00Z","total_price":299,"meal_preference":"vegetarian"}

Observation:
[get_booking_info] {"booking_id":"BK002","customer_id":"C001","flight_number":"AA200","seat_number":"3C","class":"business","status":"confirmed","booking_date":"2026-01-16T00:00:00Z","total_price":799,"meal_preference":"regular"}

Observation:
[search_flight_schedule] [{"flight_number":"AA100","origin":"JFK","destination":"LAX","departure_time":"2026-01-20T08:00:00Z","arrival_time":"2026-01-20T11:30:00Z","aircraft":"Boeing 777","status":"scheduled","available_seats":45,"economy_price":299,"business_price":899,"first_class_price":1599},{"flight_number":"AA101","origin":"JFK","destination":"LAX","departure_time":"2026-01-20T14:00:00Z","arrival_time":"2026-01-20T17:30:00Z","aircraft":"Airbus A320","status":"scheduled","available_seats":23,"economy_price":329,"business_price":949,"first_class_price":1699},{"flight_number":"AA102","origin":"JFK","destination":"LAX","departure_time":"2026-01-20T20:00:00Z","arrival_time":"2026-01-20T23:30:00Z","aircraft":"Boeing 787","status":"scheduled","available_seats":67,"economy_price":279,"business_price":849,"first_class_price":1499}]


--- Iteration 3 ---
[ai]
<thinking>
Booking confirmed: BK001 for AA100 economy seat 12A, price $299, vegetarian meal.

Alternatives later same day:
- AA101: 14:00 UTC dep, economy $329 (fare increase $30)
- AA102: 20:00 UTC dep (evening), economy $279 (cheaper, $20 credit)

Customer gold tier: Free change. >24hrs notice. Recommend AA102 as evening preference, cheaper.

Sufficient info: Verified customer/booking, policy (free change + fare diff/credit), alternatives found.

Final response: Politely confirm details, explain policy/fees ($0 + credit), propose AA102 (try similar seat if avail), provide updated details if confirmed. Since interactive, offer to proceed and call reschedule tool after implicit confirm, but provide answer now. No need for more tools unless specific seat check.
</thinking>

<answer>
Hello John Smith, thank you for contacting SkyWings Airlines customer service. I've verified your details (Customer ID: C001, email: john.smith@email.com) and your booking BK001 for flight AA100 from JFK to LAX on 2026-01-20 at 08:00 UTC (seat 12A, economy, $299 total).

Per our Flight Change Policy, as a Gold frequent flyer, you qualify for **one free change per booking**. Since this request is more than 24 hours before departure, there is **no change fee**. For the new flight:
- If more expensive, you'll pay the fare difference.
- If cheaper, you'll receive the difference as travel credit.

Available later flights on 2026-01-20 JFK-LAX:
- **AA101**: Departs 14:00 UTC, arrives 17:30 UTC, economy $329 (+$30 fare difference).
- **AA102** (recommended evening option): Departs 20:00 UTC, arrives 23:30 UTC, economy $279 (**-$20 travel credit**), 67 seats available.

AA102 perfectly matches your preference for an evening flight and is cheaper than your original.

Would you like me to reschedule BK001 to AA102 (we'll try to assign a similar window seat like 12A if available in economy, or the best available)? Please confirm, or let me know if you'd prefer AA101, a different seat/class, or another option. Once confirmed, I'll process it immediately and send you updated details.

Thank you for flying SkyWings!
</answer>

================================================================================
ALL TRACE EVENTS
================================================================================

[1] IterationStart: iteration=1

[2] ModelCall: model=grok-4-1-fast, input=1356, output=294, duration=23.475713452s

[3] ToolCall: tool=get_customer_info, duration=47.9µs
          input=map[email:john.smith@email.com]
          output={"id":"C001","name":"John Smith","email":"john.smith@email.com","phone":"+1-555-0123","frequent_flyer_tier":"gold","booking_ids":["BK001","BK002"]}

[4] ToolCall: tool=get_flight_info, duration=90.76µs
          input=map[flight_number:AA100]
          output={"flight_number":"AA100","origin":"JFK","destination":"LAX","departure_time":"2026-01-20T08:00:00Z","arrival_time":"2026-01-20T11:30:00Z","aircraft":"Boeing 777","status":"scheduled","available_seats"...

[5] ToolCall: tool=search_airline_policy, duration=34.81µs
          input=map[keyword:change]
          output=[{"title":"Flight Change and Rescheduling Policy","content":"Customers may change or reschedule their flights subject to the following:\n- Changes made 24+ hours before departure: $50 change fee for e...

[6] IterationEnd: iteration=1, action=c, duration=23.476951853s

[7] IterationStart: iteration=2

[8] ModelCall: model=grok-4-1-fast, input=3453, output=295, duration=10.363816881s

[9] ToolCall: tool=get_booking_info, duration=50.549µs
          input=map[booking_id:BK001]
          output={"booking_id":"BK001","customer_id":"C001","flight_number":"AA100","seat_number":"12A","class":"economy","status":"confirmed","booking_date":"2026-01-14T00:00:00Z","total_price":299,"meal_preference":...

[10] ToolCall: tool=get_booking_info, duration=6.93µs
          input=map[booking_id:BK002]
          output={"booking_id":"BK002","customer_id":"C001","flight_number":"AA200","seat_number":"3C","class":"business","status":"confirmed","booking_date":"2026-01-16T00:00:00Z","total_price":799,"meal_preference":...

[11] ToolCall: tool=search_flight_schedule, duration=25.2µs
          input=map[date:2026-01-20 destination:LAX origin:JFK]
          output=[{"flight_number":"AA100","origin":"JFK","destination":"LAX","departure_time":"2026-01-20T08:00:00Z","arrival_time":"2026-01-20T11:30:00Z","aircraft":"Boeing 777","status":"scheduled","available_seats...

[12] IterationEnd: iteration=2, action=c, duration=10.364514486s

[13] IterationStart: iteration=3

[14] ModelCall: model=grok-4-1-fast, input=4534, output=512, duration=20.577550634s

[15] IterationEnd: iteration=3, action=t, duration=20.57800834s

================================================================================
TEST COMPLETE
================================================================================
--- PASS: TestRescheduleScenario (54.42s)
PASS
ok  	github.com/rickchristie/gent/integrationtest/airline	54.427s
